Product: MDK-ARM Professional 5.10
Component: ARM Compiler 5.04 update 1 (build 49)
Tool: armlink [5040049]

==============================================================================

Section Cross References

    main.o(.text) refers to misc.o(.text) for NVIC_PriorityGroupConfig
    main.o(.text) refers to delay.o(.text) for delay_init
    main.o(.text) refers to usart.o(.text) for uart_init
    main.o(.text) refers to ioi2c.o(.text) for IIC_Init
    main.o(.text) refers to imu.o(.text) for IMU_init
    main.o(.text) refers to f2d.o(.text) for __aeabi_f2d
    main.o(.text) refers to printfa.o(i.__0printf) for __2printf
    system_stm32f4xx.o(.text) refers to system_stm32f4xx.o(.data) for SystemCoreClock
    startup_stm32f40_41xxx.o(RESET) refers to startup_stm32f40_41xxx.o(STACK) for __initial_sp
    startup_stm32f40_41xxx.o(RESET) refers to startup_stm32f40_41xxx.o(.text) for Reset_Handler
    startup_stm32f40_41xxx.o(RESET) refers to stm32f4xx_it.o(.text) for NMI_Handler
    startup_stm32f40_41xxx.o(RESET) refers to usart.o(.text) for USART1_IRQHandler
    startup_stm32f40_41xxx.o(.text) refers to system_stm32f4xx.o(.text) for SystemInit
    startup_stm32f40_41xxx.o(.text) refers to entry.o(.ARM.Collect$$$$00000000) for __main
    stm32f4xx_dma2d.o(.text) refers to stm32f4xx_rcc.o(.text) for RCC_AHB1PeriphResetCmd
    stm32f4xx_fsmc.o(.text) refers to stm32f4xx_fsmc.o(.constdata) for FSMC_DefaultTimingStruct
    stm32f4xx_gpio.o(.text) refers to stm32f4xx_rcc.o(.text) for RCC_AHB1PeriphResetCmd
    stm32f4xx_i2c.o(.text) refers to stm32f4xx_rcc.o(.text) for RCC_APB1PeriphResetCmd
    stm32f4xx_rcc.o(.text) refers to stm32f4xx_rcc.o(.data) for APBAHBPrescTable
    stm32f4xx_rng.o(.text) refers to stm32f4xx_rcc.o(.text) for RCC_AHB2PeriphResetCmd
    stm32f4xx_sdio.o(.text) refers to stm32f4xx_rcc.o(.text) for RCC_APB2PeriphResetCmd
    stm32f4xx_syscfg.o(.text) refers to stm32f4xx_rcc.o(.text) for RCC_APB2PeriphResetCmd
    stm32f4xx_tim.o(.text) refers to stm32f4xx_rcc.o(.text) for RCC_APB2PeriphResetCmd
    stm32f4xx_usart.o(.text) refers to stm32f4xx_rcc.o(.text) for RCC_APB2PeriphResetCmd
    delay.o(.text) refers to misc.o(.text) for SysTick_CLKSourceConfig
    delay.o(.text) refers to delay.o(.data) for fac_us
    usart.o(.text) refers to stm32f4xx_rcc.o(.text) for RCC_AHB1PeriphClockCmd
    usart.o(.text) refers to stm32f4xx_gpio.o(.text) for GPIO_PinAFConfig
    usart.o(.text) refers to stm32f4xx_usart.o(.text) for USART_Init
    usart.o(.text) refers to misc.o(.text) for NVIC_Init
    usart.o(.text) refers to usart.o(.data) for USART_RX_STA
    usart.o(.text) refers to usart.o(.bss) for USART_RX_BUF
    hmc5883l.o(.text) refers to stm32f4xx_gpio.o(.text) for GPIO_ReadInputDataBit
    hmc5883l.o(.text) refers to ioi2c.o(.text) for IICreadBytes
    hmc5883l.o(.text) refers to delay.o(.text) for delay_us
    hmc5883l.o(.text) refers to stm32f4xx_rcc.o(.text) for RCC_AHB1PeriphClockCmd
    hmc5883l.o(.text) refers to hmc5883l.o(.bss) for HMC5883_FIFO
    hmc5883l.o(.text) refers to hmc5883l.o(.data) for HMC5883_Buf_index
    imu.o(.text) refers to mpu6050.o(.text) for MPU6050_initialize
    imu.o(.text) refers to hmc5883l.o(.text) for HMC5883L_SetUp
    imu.o(.text) refers to delay.o(.text) for delay_ms
    imu.o(.text) refers to f2d.o(.text) for __aeabi_f2d
    imu.o(.text) refers to sqrt.o(i.__hardfp_sqrt) for __hardfp_sqrt
    imu.o(.text) refers to d2f.o(.text) for __aeabi_d2f
    imu.o(.text) refers to imu.o(.data) for q0
    imu.o(.text) refers to imu.o(.bss) for lastacc
    imu.o(.text) refers to dmul.o(.text) for __aeabi_dmul
    imu.o(.text) refers to dadd.o(.text) for __aeabi_dadd
    imu.o(.text) refers to asin.o(i.__hardfp_asin) for __hardfp_asin
    imu.o(.text) refers to atan2.o(i.__hardfp_atan2) for __hardfp_atan2
    imu.o(.text) refers to ddiv.o(.text) for __aeabi_ddiv
    imu.o(.text) refers to atan.o(i.__hardfp_atan) for __hardfp_atan
    imu.o(.text) refers to sin.o(i.__hardfp_sin) for __hardfp_sin
    imu.o(.text) refers to cos.o(i.__hardfp_cos) for __hardfp_cos
    mpu6050.o(.text) refers to fmath.o(.text) for Math_Constrain
    mpu6050.o(.text) refers to ioi2c.o(.text) for IICwriteBits
    mpu6050.o(.text) refers to stm32f4xx_gpio.o(.text) for GPIO_ReadInputDataBit
    mpu6050.o(.text) refers to stm32f4xx_rcc.o(.text) for RCC_AHB1PeriphClockCmd
    mpu6050.o(.text) refers to mpu6050.o(.data) for Gyro_ADC
    mpu6050.o(.text) refers to mpu6050.o(.bss) for MPU6050_FIFO
    mpu6050.o(.text) refers to delay.o(.text) for delay_us
    ioi2c.o(.text) refers to stm32f4xx_rcc.o(.text) for RCC_AHB1PeriphClockCmd
    ioi2c.o(.text) refers to stm32f4xx_gpio.o(.text) for GPIO_Init
    ioi2c.o(.text) refers to delay.o(.text) for delay_us
    ioi2c.o(.text) refers to ioi2c.o(.data) for I2C_Erorr_Count
    report.o(.text) refers to stm32f4xx_usart.o(.text) for USART_GetFlagStatus
    report.o(.text) refers to printfa.o(i.__0printf) for __c89printf
[...]
    dadd.o(.text) refers to depilogue.o(.text) for _double_epilogue
    dmul.o(.text) refers (Special) to iusefp.o(.text) for __I$use$fp
    dmul.o(.text) refers to depilogue.o(.text) for _double_epilogue
    ddiv.o(.text) refers (Special) to iusefp.o(.text) for __I$use$fp
    ddiv.o(.text) refers to depilogue.o(.text) for _double_round
    dneg.o(.text) refers (Special) to iusefp.o(.text) for __I$use$fp
    f2d.o(.text) refers (Special) to iusefp.o(.text) for __I$use$fp
    d2f.o(.text) refers (Special) to iusefp.o(.text) for __I$use$fp
    d2f.o(.text) refers to fepilogue.o(.text) for _float_round
    cos_i.o(i.__kernel_cos) refers (Special) to iusefp.o(.text) for __I$use$fp
    cos_i.o(i.__kernel_cos) refers to dfixi.o(.text) for __aeabi_d2iz
    cos_i.o(i.__kernel_cos) refers to dmul.o(.text) for __aeabi_dmul
    cos_i.o(i.__kernel_cos) refers to poly.o(i.__kernel_poly) for __kernel_poly
    cos_i.o(i.__kernel_cos) refers to dadd.o(.text) for __aeabi_dsub
    cos_i.o(i.__kernel_cos) refers to cos_i.o(.constdata) for .constdata
    cos_i.o(.constdata) refers (Special) to iusefp.o(.text) for __I$use$fp
    dunder.o(i.__mathlib_dbl_underflow) refers to dmul.o(.text) for __aeabi_dmul
    fabs.o(i.__hardfp_fabs) refers (Special) to iusefp.o(.text) for __I$use$fp
    fabs.o(i.__softfp_fabs) refers (Special) to iusefp.o(.text) for __I$use$fp
    fabs.o(i.fabs) refers (Special) to iusefp.o(.text) for __I$use$fp
    fpclassify.o(i.__ARM_fpclassify) refers (Special) to iusefp.o(.text) for __I$use$fp
    poly.o(i.__kernel_poly) refers (Special) to iusefp.o(.text) for __I$use$fp
    poly.o(i.__kernel_poly) refers to dmul.o(.text) for __aeabi_dmul
    poly.o(i.__kernel_poly) refers to dadd.o(.text) for __aeabi_dadd
    qnan.o(.constdata) refers (Special) to iusefp.o(.text) for __I$use$fp
    rred.o(i.__ieee754_rem_pio2) refers (Special) to iusefp.o(.text) for __I$use$fp
    rred.o(i.__ieee754_rem_pio2) refers to dadd.o(.text) for __aeabi_dsub
    rred.o(i.__ieee754_rem_pio2) refers to fabs.o(i.fabs) for fabs
    rred.o(i.__ieee754_rem_pio2) refers to dmul.o(.text) for __aeabi_dmul
    rred.o(i.__ieee754_rem_pio2) refers to dfixi.o(.text) for __aeabi_d2iz
    rred.o(i.__ieee754_rem_pio2) refers to dflti.o(.text) for __aeabi_i2d
    rred.o(i.__ieee754_rem_pio2) refers to dfltui.o(.text) for __aeabi_ui2d
    rred.o(i.__ieee754_rem_pio2) refers to rred.o(.constdata) for .constdata
    rred.o(i.__use_accurate_range_reduction) refers (Special) to iusefp.o(.text) for __I$use$fp
    rred.o(.constdata) refers (Special) to iusefp.o(.text) for __I$use$fp
    sin_i.o(i.__kernel_sin) refers (Special) to iusefp.o(.text) for __I$use$fp
    sin_i.o(i.__kernel_sin) refers to fpclassify.o(i.__ARM_fpclassify) for __ARM_fpclassify
    sin_i.o(i.__kernel_sin) refers to dunder.o(i.__mathlib_dbl_underflow) for __mathlib_dbl_underflow
    sin_i.o(i.__kernel_sin) refers to dmul.o(.text) for __aeabi_dmul
    sin_i.o(i.__kernel_sin) refers to poly.o(i.__kernel_poly) for __kernel_poly
    sin_i.o(i.__kernel_sin) refers to dadd.o(.text) for __aeabi_dsub
    sin_i.o(i.__kernel_sin) refers to sin_i.o(.constdata) for .constdata
    sin_i.o(.constdata) refers (Special) to iusefp.o(.text) for __I$use$fp
    sin_i_x.o(i.____kernel_sin$lsc) refers (Special) to iusefp.o(.text) for __I$use$fp
    sin_i_x.o(i.____kernel_sin$lsc) refers to dmul.o(.text) for __aeabi_dmul
    sin_i_x.o(i.____kernel_sin$lsc) refers to poly.o(i.__kernel_poly) for __kernel_poly
    sin_i_x.o(i.____kernel_sin$lsc) refers to dadd.o(.text) for __aeabi_dsub
    sin_i_x.o(i.____kernel_sin$lsc) refers to sin_i_x.o(.constdata) for .constdata
    sin_i_x.o(.constdata) refers (Special) to iusefp.o(.text) for __I$use$fp
    entry2.o(.ARM.Collect$$$$00000001) refers to entry2.o(.ARM.Collect$$$$00002712) for __lit__00000000
    entry2.o(.ARM.Collect$$$$00002712) refers to startup_stm32f40_41xxx.o(STACK) for __initial_sp
    entry2.o(__vectab_stack_and_reset_area) refers to startup_stm32f40_41xxx.o(STACK) for __initial_sp
    entry2.o(__vectab_stack_and_reset_area) refers to entry.o(.ARM.Collect$$$$00000000) for __main
    entry5.o(.ARM.Collect$$$$00000004) refers to init.o(.text) for __scatterload
    entry9a.o(.ARM.Collect$$$$0000000B) refers to main.o(.text) for main
    entry9b.o(.ARM.Collect$$$$0000000C) refers to main.o(.text) for main
    uldiv.o(.text) refers to llushr.o(.text) for __aeabi_llsr
    uldiv.o(.text) refers to llshl.o(.text) for __aeabi_llsl
    errno.o(i.__aeabi_errno_addr) refers to errno.o(.data) for .data
    errno.o(i.__read_errno) refers to errno.o(.data) for .data
    errno.o(i.__set_errno) refers to errno.o(.data) for .data
    depilogue.o(.text) refers to llshl.o(.text) for __aeabi_llsl
    depilogue.o(.text) refers to llushr.o(.text) for __aeabi_llsr
    dsqrt.o(.text) refers to llushr.o(.text) for __aeabi_llsr
    dsqrt.o(.text) refers to depilogue.o(.text) for _double_round
    dfixul.o(.text) refers to llushr.o(.text) for __aeabi_llsr
    dfixul.o(.text) refers to llshl.o(.text) for __aeabi_llsl
    init.o(.text) refers to entry5.o(.ARM.Collect$$$$00000004) for __main_after_scatterload
    dflti.o(.text) refers to depilogue.o(.text) for _double_epilogue
    dfltui.o(.text) refers to depilogue.o(.text) for _double_epilogue
    dfixi.o(.text) refers to llushr.o(.text) for __aeabi_llsr


==============================================================================

Removing Unused input sections from the image.

    Removing main.o(.rev16_text), (4 bytes).
    Removing main.o(.revsh_text), (4 bytes).
    Removing stm32f4xx_it.o(.rev16_text), (4 bytes).
    Removing stm32f4xx_it.o(.revsh_text), (4 bytes).
    Removing system_stm32f4xx.o(.rev16_text), (4 bytes).
    Removing system_stm32f4xx.o(.revsh_text), (4 bytes).
    Removing startup_stm32f40_41xxx.o(HEAP), (512 bytes).
    Removing misc.o(.rev16_text), (4 bytes).
    Removing misc.o(.revsh_text), (4 bytes).
    Removing stm32f4xx_dbgmcu.o(.rev16_text), (4 bytes).
    Removing stm32f4xx_dbgmcu.o(.revsh_text), (4 bytes).
    Removing stm32f4xx_dbgmcu.o(.text), (100 bytes).
    Removing stm32f4xx_dma2d.o(.rev16_text), (4 bytes).
    Removing stm32f4xx_dma2d.o(.revsh_text), (4 bytes).
    Removing stm32f4xx_dma2d.o(.text), (948 bytes).
    Removing stm32f4xx_dma.o(.rev16_text), (4 bytes).
    Removing stm32f4xx_dma.o(.revsh_text), (4 bytes).
    Removing stm32f4xx_dma.o(.text), (936 bytes).
    Removing stm32f4xx_exti.o(.rev16_text), (4 bytes).
    Removing stm32f4xx_exti.o(.revsh_text), (4 bytes).
    Removing stm32f4xx_exti.o(.text), (272 bytes).
    Removing stm32f4xx_flash.o(.rev16_text), (4 bytes).
    Removing stm32f4xx_flash.o(.revsh_text), (4 bytes).
    Removing stm32f4xx_flash.o(.text), (1684 bytes).
    Removing stm32f4xx_flash_ramfunc.o(.rev16_text), (4 bytes).
    Removing stm32f4xx_flash_ramfunc.o(.revsh_text), (4 bytes).
    Removing stm32f4xx_flash_ramfunc.o(.text), (64 bytes).
    Removing stm32f4xx_fsmc.o(.rev16_text), (4 bytes).
    Removing stm32f4xx_fsmc.o(.revsh_text), (4 bytes).
    Removing stm32f4xx_fsmc.o(.text), (1480 bytes).
    Removing stm32f4xx_fsmc.o(.constdata), (28 bytes).
    Removing stm32f4xx_gpio.o(.rev16_text), (4 bytes).
    Removing stm32f4xx_gpio.o(.revsh_text), (4 bytes).
    Removing stm32f4xx_i2c.o(.rev16_text), (4 bytes).
    Removing stm32f4xx_i2c.o(.revsh_text), (4 bytes).
    Removing stm32f4xx_i2c.o(.text), (1110 bytes).
    Removing stm32f4xx_rcc.o(.rev16_text), (4 bytes).
    Removing stm32f4xx_rcc.o(.revsh_text), (4 bytes).
    Removing stm32f4xx_rng.o(.rev16_text), (4 bytes).
    Removing stm32f4xx_rng.o(.revsh_text), (4 bytes).
    Removing stm32f4xx_rng.o(.text), (160 bytes).
    Removing stm32f4xx_rtc.o(.rev16_text), (4 bytes).
    Removing stm32f4xx_rtc.o(.revsh_text), (4 bytes).
    Removing stm32f4xx_rtc.o(.text), (3432 bytes).
    Removing stm32f4xx_sdio.o(.rev16_text), (4 bytes).
    Removing stm32f4xx_sdio.o(.revsh_text), (4 bytes).
    Removing stm32f4xx_sdio.o(.text), (476 bytes).
    Removing stm32f4xx_syscfg.o(.rev16_text), (4 bytes).
    Removing stm32f4xx_syscfg.o(.revsh_text), (4 bytes).
    Removing stm32f4xx_syscfg.o(.text), (148 bytes).
    Removing stm32f4xx_tim.o(.rev16_text), (4 bytes).
    Removing stm32f4xx_tim.o(.revsh_text), (4 bytes).
    Removing stm32f4xx_tim.o(.text), (3234 bytes).
    Removing stm32f4xx_usart.o(.rev16_text), (4 bytes).
    Removing stm32f4xx_usart.o(.revsh_text), (4 bytes).
    Removing delay.o(.rev16_text), (4 bytes).
    Removing delay.o(.revsh_text), (4 bytes).
    Removing sys.o(.rev16_text), (4 bytes).
    Removing sys.o(.revsh_text), (4 bytes).
    Removing sys.o(.emb_text), (16 bytes).
    Removing usart.o(.rev16_text), (4 bytes).
    Removing usart.o(.revsh_text), (4 bytes).
    Removing hmc5883l.o(.rev16_text), (4 bytes).
    Removing hmc5883l.o(.revsh_text), (4 bytes).
    Removing imu.o(.rev16_text), (4 bytes).
    Removing imu.o(.revsh_text), (4 bytes).
    Removing fmath.o(.rev16_text), (4 bytes).
    Removing fmath.o(.revsh_text), (4 bytes).
    Removing mpu6050.o(.rev16_text), (4 bytes).
    Removing mpu6050.o(.revsh_text), (4 bytes).
    Removing ioi2c.o(.rev16_text), (4 bytes).
    Removing ioi2c.o(.revsh_text), (4 bytes).
    Removing report.o(.rev16_text), (4 bytes).
    Removing report.o(.revsh_text), (4 bytes).
    Removing report.o(.text), (180 bytes).
    Removing report.o(.bss), (48 bytes).
    Removing dneg.o(.text), (6 bytes).
    Removing cdcmple.o(.text), (40 bytes).

78 unused section(s) (total 15106 bytes) removed from the image.

==============================================================================

Image Symbol Table

    Local Symbols

    Symbol Name                              Value     Ov Type        Size  Object(Section)

    ../clib/microlib/division.c              0x00000000   Number         0  uidiv.o ABSOLUTE
    ../clib/microlib/division.c              0x00000000   Number         0  uldiv.o ABSOLUTE
    ../clib/microlib/errno.c                 0x00000000   Number         0  errno.o ABSOLUTE
    ../clib/microlib/init/entry.s            0x00000000   Number         0  entry8b.o ABSOLUTE
    ../clib/microlib/init/entry.s            0x00000000   Number         0  entry2.o ABSOLUTE
    ../clib/microlib/init/entry.s            0x00000000   Number         0  entry11a.o ABSOLUTE
    ../clib/microlib/init/entry.s            0x00000000   Number         0  entry8a.o ABSOLUTE
    ../clib/microlib/init/entry.s            0x00000000   Number         0  entry10b.o ABSOLUTE
    ../clib/microlib/init/entry.s            0x00000000   Number         0  entry7b.o ABSOLUTE
    ../clib/microlib/init/entry.s            0x00000000   Number         0  entry11b.o ABSOLUTE
    ../clib/microlib/init/entry.s            0x00000000   Number         0  entry9a.o ABSOLUTE
    ../clib/microlib/init/entry.s            0x00000000   Number         0  entry7a.o ABSOLUTE
    ../clib/microlib/init/entry.s            0x00000000   Number         0  entry5.o ABSOLUTE
    ../clib/microlib/init/entry.s            0x00000000   Number         0  entry.o ABSOLUTE
    ../clib/microlib/init/entry.s            0x00000000   Number         0  entry9b.o ABSOLUTE
    ../clib/microlib/init/entry.s            0x00000000   Number         0  entry10a.o ABSOLUTE
    ../clib/microlib/longlong.c              0x00000000   Number         0  llsshr.o ABSOLUTE
    ../clib/microlib/longlong.c              0x00000000   Number         0  llshl.o ABSOLUTE
    ../clib/microlib/longlong.c              0x00000000   Number         0  llushr.o ABSOLUTE
    ../clib/microlib/printf/printf.c         0x00000000   Number         0  printf5.o ABSOLUTE
    ../clib/microlib/printf/printf.c         0x00000000   Number         0  printf2.o ABSOLUTE
    ../clib/microlib/printf/printf.c         0x00000000   Number         0  printf6.o ABSOLUTE
    ../clib/microlib/printf/printf.c         0x00000000   Number         0  printf3.o ABSOLUTE
    ../clib/microlib/printf/printf.c         0x00000000   Number         0  printf4.o ABSOLUTE
    ../clib/microlib/printf/printf.c         0x00000000   Number         0  printfb.o ABSOLUTE
    ../clib/microlib/printf/printf.c         0x00000000   Number         0  printf7.o ABSOLUTE
    ../clib/microlib/printf/printf.c         0x00000000   Number         0  printf8.o ABSOLUTE
    ../clib/microlib/printf/printf.c         0x00000000   Number         0  printfa.o ABSOLUTE
    ../clib/microlib/printf/printf.c         0x00000000   Number         0  printf1.o ABSOLUTE
    ../clib/microlib/printf/printf.c         0x00000000   Number         0  printf0.o ABSOLUTE
    ../clib/microlib/printf/stubs.s          0x00000000   Number         0  stubs.o ABSOLUTE
    ../clib/microlib/stubs.s                 0x00000000   Number         0  useno.o ABSOLUTE
    ../clib/microlib/stubs.s                 0x00000000   Number         0  iusefp.o ABSOLUTE
    ../fplib/microlib/d2f.c                  0x00000000   Number         0  d2f.o ABSOLUTE
    ../fplib/microlib/f2d.c                  0x00000000   Number         0  f2d.o ABSOLUTE
    ../fplib/microlib/fpadd.c                0x00000000   Number         0  dadd.o ABSOLUTE
    ../fplib/microlib/fpdiv.c                0x00000000   Number         0  ddiv.o ABSOLUTE
    ../fplib/microlib/fpepilogue.c           0x00000000   Number         0  depilogue.o ABSOLUTE
    ../fplib/microlib/fpepilogue.c           0x00000000   Number         0  fepilogue.o ABSOLUTE
    ../fplib/microlib/fpfix.c                0x00000000   Number         0  dfixi.o ABSOLUTE
    ../fplib/microlib/fpfix.c                0x00000000   Number         0  dfixul.o ABSOLUTE
    ../fplib/microlib/fpflt.c                0x00000000   Number         0  dflti.o ABSOLUTE
    ../fplib/microlib/fpflt.c                0x00000000   Number         0  dfltui.o ABSOLUTE
    ../fplib/microlib/fpmul.c                0x00000000   Number         0  dmul.o ABSOLUTE
    ../fplib/microlib/fpneg.c                0x00000000   Number         0  dneg.o ABSOLUTE
    ../fplib/microlib/fpsqrt.c               0x00000000   Number         0  dsqrt.o ABSOLUTE
    ../mathlib/asin.c                        0x00000000   Number         0  asin_x.o ABSOLUTE
    ../mathlib/asin.c                        0x00000000   Number         0  asin.o ABSOLUTE
    ../mathlib/atan.c                        0x00000000   Number         0  atan.o ABSOLUTE
    ../mathlib/atan.c                        0x00000000   Number         0  atan_x.o ABSOLUTE
    ../mathlib/atan2.c                       0x00000000   Number         0  atan2.o ABSOLUTE
    ../mathlib/atan2.c                       0x00000000   Number         0  atan2_x.o ABSOLUTE
    ../mathlib/cos.c                         0x00000000   Number         0  cos.o ABSOLUTE
    ../mathlib/cos.c                         0x00000000   Number         0  cos_x.o ABSOLUTE
    ../mathlib/cos_i.c                       0x00000000   Number         0  cos_i.o ABSOLUTE
    ../mathlib/dunder.c                      0x00000000   Number         0  dunder.o ABSOLUTE
    ../mathlib/fabs.c                        0x00000000   Number         0  fabs.o ABSOLUTE
    ../mathlib/fpclassify.c                  0x00000000   Number         0  fpclassify.o ABSOLUTE
    ../mathlib/poly.c                        0x00000000   Number         0  poly.o ABSOLUTE
    ../mathlib/qnan.c                        0x00000000   Number         0  qnan.o ABSOLUTE
    ../mathlib/rred.c                        0x00000000   Number         0  rred.o ABSOLUTE
    ../mathlib/sin.c                         0x00000000   Number         0  sin.o ABSOLUTE
    ../mathlib/sin.c                         0x00000000   Number         0  sin_x.o ABSOLUTE
    ../mathlib/sin_i.c                       0x00000000   Number         0  sin_i_x.o ABSOLUTE
    ../mathlib/sin_i.c                       0x00000000   Number         0  sin_i.o ABSOLUTE
    ../mathlib/sqrt.c                        0x00000000   Number         0  sqrt_x.o ABSOLUTE
    ../mathlib/sqrt.c                        0x00000000   Number         0  sqrt.o ABSOLUTE
    ..\CORE\startup_stm32f40_41xxx.s         0x00000000   Number         0  startup_stm32f40_41xxx.o ABSOLUTE
    ..\FWLIB\src\misc.c                      0x00000000   Number         0  misc.o ABSOLUTE
    ..\FWLIB\src\stm32f4xx_dbgmcu.c          0x00000000   Number         0  stm32f4xx_dbgmcu.o ABSOLUTE
    ..\FWLIB\src\stm32f4xx_dma.c             0x00000000   Number         0  stm32f4xx_dma.o ABSOLUTE
    ..\FWLIB\src\stm32f4xx_dma2d.c           0x00000000   Number         0  stm32f4xx_dma2d.o ABSOLUTE
    ..\FWLIB\src\stm32f4xx_exti.c            0x00000000   Number         0  stm32f4xx_exti.o ABSOLUTE
    ..\FWLIB\src\stm32f4xx_flash.c           0x00000000   Number         0  stm32f4xx_flash.o ABSOLUTE
    ..\FWLIB\src\stm32f4xx_flash_ramfunc.c   0x00000000   Number         0  stm32f4xx_flash_ramfunc.o ABSOLUTE
    ..\FWLIB\src\stm32f4xx_fsmc.c            0x00000000   Number         0  stm32f4xx_fsmc.o ABSOLUTE
    ..\FWLIB\src\stm32f4xx_gpio.c            0x00000000   Number         0  stm32f4xx_gpio.o ABSOLUTE
    ..\FWLIB\src\stm32f4xx_i2c.c             0x00000000   Number         0  stm32f4xx_i2c.o ABSOLUTE
    ..\FWLIB\src\stm32f4xx_rcc.c             0x00000000   Number         0  stm32f4xx_rcc.o ABSOLUTE
    ..\FWLIB\src\stm32f4xx_rng.c             0x00000000   Number         0  stm32f4xx_rng.o ABSOLUTE
    ..\FWLIB\src\stm32f4xx_rtc.c             0x00000000   Number         0  stm32f4xx_rtc.o ABSOLUTE
    ..\FWLIB\src\stm32f4xx_sdio.c            0x00000000   Number         0  stm32f4xx_sdio.o ABSOLUTE
    ..\FWLIB\src\stm32f4xx_syscfg.c          0x00000000   Number         0  stm32f4xx_syscfg.o ABSOLUTE
    ..\FWLIB\src\stm32f4xx_tim.c             0x00000000   Number         0  stm32f4xx_tim.o ABSOLUTE
    ..\FWLIB\src\stm32f4xx_usart.c           0x00000000   Number         0  stm32f4xx_usart.o ABSOLUTE
    ..\HardWareDriver\HMC5883L\HMC5883L.c    0x00000000   Number         0  hmc5883l.o ABSOLUTE
    ..\HardWareDriver\IMU\IMU.c              0x00000000   Number         0  imu.o ABSOLUTE
    ..\HardWareDriver\MPU6050\MPU6050.c      0x00000000   Number         0  mpu6050.o ABSOLUTE
    ..\HardWareDriver\Math\Fmath.c           0x00000000   Number         0  fmath.o ABSOLUTE
    ..\HardWareDriver\Service\IOI2C.c        0x00000000   Number         0  ioi2c.o ABSOLUTE
    ..\HardWareDriver\Service\report.c       0x00000000   Number         0  report.o ABSOLUTE
    ..\SYSTEM\delay\delay.c                  0x00000000   Number         0  delay.o ABSOLUTE
    ..\SYSTEM\sys\sys.c                      0x00000000   Number         0  sys.o ABSOLUTE
    ..\SYSTEM\usart\usart.c                  0x00000000   Number         0  usart.o ABSOLUTE
    ..\\FWLIB\\src\\misc.c                   0x00000000   Number         0  misc.o ABSOLUTE
    ..\\FWLIB\\src\\stm32f4xx_dbgmcu.c       0x00000000   Number         0  stm32f4xx_dbgmcu.o ABSOLUTE
    ..\\FWLIB\\src\\stm32f4xx_dma.c          0x00000000   Number         0  stm32f4xx_dma.o ABSOLUTE
    ..\\FWLIB\\src\\stm32f4xx_dma2d.c        0x00000000   Number         0  stm32f4xx_dma2d.o ABSOLUTE
    ..\\FWLIB\\src\\stm32f4xx_exti.c         0x00000000   Number         0  stm32f4xx_exti.o ABSOLUTE
    ..\\FWLIB\\src\\stm32f4xx_flash.c        0x00000000   Number         0  stm32f4xx_flash.o ABSOLUTE
    ..\\FWLIB\\src\\stm32f4xx_flash_ramfunc.c 0x00000000   Number         0  stm32f4xx_flash_ramfunc.o ABSOLUTE
    ..\\FWLIB\\src\\stm32f4xx_fsmc.c         0x00000000   Number         0  stm32f4xx_fsmc.o ABSOLUTE
    ..\\FWLIB\\src\\stm32f4xx_gpio.c         0x00000000   Number         0  stm32f4xx_gpio.o ABSOLUTE
    ..\\FWLIB\\src\\stm32f4xx_i2c.c          0x00000000   Number         0  stm32f4xx_i2c.o ABSOLUTE
    ..\\FWLIB\\src\\stm32f4xx_rcc.c          0x00000000   Number         0  stm32f4xx_rcc.o ABSOLUTE
    ..\\FWLIB\\src\\stm32f4xx_rng.c          0x00000000   Number         0  stm32f4xx_rng.o ABSOLUTE
    ..\\FWLIB\\src\\stm32f4xx_rtc.c          0x00000000   Number         0  stm32f4xx_rtc.o ABSOLUTE
    ..\\FWLIB\\src\\stm32f4xx_sdio.c         0x00000000   Number         0  stm32f4xx_sdio.o ABSOLUTE
    ..\\FWLIB\\src\\stm32f4xx_syscfg.c       0x00000000   Number         0  stm32f4xx_syscfg.o ABSOLUTE
    ..\\FWLIB\\src\\stm32f4xx_tim.c          0x00000000   Number         0  stm32f4xx_tim.o ABSOLUTE
    ..\\FWLIB\\src\\stm32f4xx_usart.c        0x00000000   Number         0  stm32f4xx_usart.o ABSOLUTE
    ..\\HardWareDriver\\HMC5883L\\HMC5883L.c 0x00000000   Number         0  hmc5883l.o ABSOLUTE
    ..\\HardWareDriver\\IMU\\IMU.c           0x00000000   Number         0  imu.o ABSOLUTE
    ..\\HardWareDriver\\MPU6050\\MPU6050.c   0x00000000   Number         0  mpu6050.o ABSOLUTE
    ..\\HardWareDriver\\Math\\Fmath.c        0x00000000   Number         0  fmath.o ABSOLUTE
    ..\\HardWareDriver\\Service\\IOI2C.c     0x00000000   Number         0  ioi2c.o ABSOLUTE
    ..\\HardWareDriver\\Service\\report.c    0x00000000   Number         0  report.o ABSOLUTE
    ..\\SYSTEM\\delay\\delay.c               0x00000000   Number         0  delay.o ABSOLUTE
    ..\\SYSTEM\\sys\\sys.c                   0x00000000   Number         0  sys.o ABSOLUTE
    ..\\SYSTEM\\usart\\usart.c               0x00000000   Number         0  usart.o ABSOLUTE
    cdcmple.s                                0x00000000   Number         0  cdcmple.o ABSOLUTE
    cdrcmple.s                               0x00000000   Number         0  cdrcmple.o ABSOLUTE
    dc.s                                     0x00000000   Number         0  dc.o ABSOLUTE
    handlers.s                               0x00000000   Number         0  handlers.o ABSOLUTE
    init.s                                   0x00000000   Number         0  init.o ABSOLUTE
    main.c                                   0x00000000   Number         0  main.o ABSOLUTE
    main.c                                   0x00000000   Number         0  main.o ABSOLUTE
    stm32f4xx_it.c                           0x00000000   Number         0  stm32f4xx_it.o ABSOLUTE
    stm32f4xx_it.c                           0x00000000   Number         0  stm32f4xx_it.o ABSOLUTE
    system_stm32f4xx.c                       0x00000000   Number         0  system_stm32f4xx.o ABSOLUTE
    system_stm32f4xx.c                       0x00000000   Number         0  system_stm32f4xx.o ABSOLUTE
    RESET                                    0x08000000   Section      392  startup_stm32f40_41xxx.o(RESET)
    .ARM.Collect$$$$00000000                 0x08000188   Section        0  entry.o(.ARM.Collect$$$$00000000)
    .ARM.Collect$$$$00000001                 0x08000188   Section        4  entry2.o(.ARM.Collect$$$$00000001)
    .ARM.Collect$$$$00000004                 0x0800018c   Section        4  entry5.o(.ARM.Collect$$$$00000004)
    .ARM.Collect$$$$00000008                 0x08000190   Section        0  entry7b.o(.ARM.Collect$$$$00000008)
    .ARM.Collect$$$$0000000A                 0x08000190   Section        0  entry8b.o(.ARM.Collect$$$$0000000A)
    .ARM.Collect$$$$0000000B                 0x08000190   Section        8  entry9a.o(.ARM.Collect$$$$0000000B)
    .ARM.Collect$$$$0000000D                 0x08000198   Section        0  entry10a.o(.ARM.Collect$$$$0000000D)
    .ARM.Collect$$$$0000000F                 0x08000198   Section        0  entry11a.o(.ARM.Collect$$$$0000000F)
    .ARM.Collect$$$$00002712                 0x08000198   Section        4  entry2.o(.ARM.Collect$$$$00002712)
    __lit__00000000                          0x08000198   Data           4  entry2.o(.ARM.Collect$$$$00002712)
    .text                                    0x0800019c   Section        0  main.o(.text)
    .text                                    0x0800029c   Section        0  stm32f4xx_it.o(.text)
    .text                                    0x080002b8   Section        0  system_stm32f4xx.o(.text)
    SetSysClock                              0x080002b9   Thumb Code   220  system_stm32f4xx.o(.text)
    .text                                    0x080004c8   Section       36  startup_stm32f40_41xxx.o(.text)
    $v0                                      0x080004c8   Number         0  startup_stm32f40_41xxx.o(.text)
    .text                                    0x080004ec   Section        0  misc.o(.text)
    .text                                    0x080005cc   Section        0  stm32f4xx_gpio.o(.text)
    .text                                    0x08000860   Section        0  stm32f4xx_rcc.o(.text)
    .text                                    0x08000ebc   Section        0  stm32f4xx_usart.o(.text)
    .text                                    0x08001310   Section        0  delay.o(.text)
    .text                                    0x08001414   Section        0  usart.o(.text)
    .text                                    0x08001568   Section        0  hmc5883l.o(.text)
    .text                                    0x08001960   Section        0  imu.o(.text)
    .text                                    0x08003778   Section        0  fmath.o(.text)
    .text                                    0x0800382c   Section        0  mpu6050.o(.text)
    .text                                    0x08003df4   Section        0  ioi2c.o(.text)
    .text                                    0x0800421c   Section        0  dadd.o(.text)
    .text                                    0x0800436a   Section        0  dmul.o(.text)
    .text                                    0x0800444e   Section        0  ddiv.o(.text)
    .text                                    0x0800452c   Section        0  f2d.o(.text)
    .text                                    0x08004552   Section        0  d2f.o(.text)
    .text                                    0x0800458a   Section        0  uidiv.o(.text)
    .text                                    0x080045b6   Section        0  uldiv.o(.text)
    .text                                    0x08004618   Section        0  llshl.o(.text)
    .text                                    0x08004636   Section        0  llsshr.o(.text)
    .text                                    0x0800465a   Section        0  fepilogue.o(.text)
    .text                                    0x0800465a   Section        0  iusefp.o(.text)
    .text                                    0x080046c8   Section        0  depilogue.o(.text)
    .text                                    0x0800477e   Section        0  dsqrt.o(.text)
    .text                                    0x08004820   Section        0  dfixul.o(.text)
    .text                                    0x08004850   Section       40  cdrcmple.o(.text)
    .text                                    0x08004878   Section       36  init.o(.text)
    .text                                    0x0800489c   Section        0  llushr.o(.text)
    .text                                    0x080048bc   Section        0  dflti.o(.text)
    .text                                    0x080048de   Section        0  dfltui.o(.text)
    .text                                    0x080048f8   Section        0  dfixi.o(.text)
    i.__0printf                              0x08004938   Section        0  printfa.o(i.__0printf)
    i.__ARM_fpclassify                       0x08004958   Section        0  fpclassify.o(i.__ARM_fpclassify)
    i.__hardfp_asin                          0x08004988   Section        0  asin.o(i.__hardfp_asin)
    i.__hardfp_atan                          0x08004cf8   Section        0  atan.o(i.__hardfp_atan)
    i.__hardfp_atan2                         0x08004fd8   Section        0  atan2.o(i.__hardfp_atan2)
    i.__hardfp_cos                           0x080051c8   Section        0  cos.o(i.__hardfp_cos)
    i.__hardfp_sin                           0x080052a0   Section        0  sin.o(i.__hardfp_sin)
    i.__hardfp_sqrt                          0x08005378   Section        0  sqrt.o(i.__hardfp_sqrt)
    i.__ieee754_rem_pio2                     0x080053f8   Section        0  rred.o(i.__ieee754_rem_pio2)
    i.__kernel_cos                           0x08005830   Section        0  cos_i.o(i.__kernel_cos)
    i.__kernel_poly                          0x080059a0   Section        0  poly.o(i.__kernel_poly)
    i.__kernel_sin                           0x08005a98   Section        0  sin_i.o(i.__kernel_sin)
    i.__mathlib_dbl_underflow                0x08005bc8   Section        0  dunder.o(i.__mathlib_dbl_underflow)
    i.__scatterload_copy                     0x08005be8   Section       14  handlers.o(i.__scatterload_copy)
    i.__scatterload_null                     0x08005bf6   Section        2  handlers.o(i.__scatterload_null)
    i.__scatterload_zeroinit                 0x08005bf8   Section       14  handlers.o(i.__scatterload_zeroinit)
    i.__set_errno                            0x08005c08   Section        0  errno.o(i.__set_errno)
    i._fp_digits                             0x08005c14   Section        0  printfa.o(i._fp_digits)
    _fp_digits                               0x08005c15   Thumb Code   334  printfa.o(i._fp_digits)
    i._printf_core                           0x08005d78   Section        0  printfa.o(i._printf_core)
    _printf_core                             0x08005d79   Thumb Code  1744  printfa.o(i._printf_core)
    i._printf_post_padding                   0x08006454   Section        0  printfa.o(i._printf_post_padding)
    _printf_post_padding                     0x08006455   Thumb Code    36  printfa.o(i._printf_post_padding)
    i._printf_pre_padding                    0x08006478   Section        0  printfa.o(i._printf_pre_padding)
    _printf_pre_padding                      0x08006479   Thumb Code    46  printfa.o(i._printf_pre_padding)
    i.atan                                   0x080064a6   Section        0  atan.o(i.atan)
    i.fabs                                   0x080064b6   Section        0  fabs.o(i.fabs)
    i.sqrt                                   0x080064ce   Section        0  sqrt.o(i.sqrt)
    .constdata                               0x08006540   Section       80  asin.o(.constdata)
    pS                                       0x08006540   Data          48  asin.o(.constdata)
    qS                                       0x08006570   Data          32  asin.o(.constdata)
    .constdata                               0x08006590   Section      152  atan.o(.constdata)
    atanhi                                   0x08006590   Data          32  atan.o(.constdata)
    atanlo                                   0x080065b0   Data          32  atan.o(.constdata)
    aTodd                                    0x080065d0   Data          40  atan.o(.constdata)
    aTeven                                   0x080065f8   Data          48  atan.o(.constdata)
    .constdata                               0x08006628   Section       48  cos_i.o(.constdata)
    C                                        0x08006628   Data          48  cos_i.o(.constdata)
    .constdata                               0x08006658   Section        8  qnan.o(.constdata)
    .constdata                               0x08006660   Section      200  rred.o(.constdata)
    pio2s                                    0x08006660   Data          48  rred.o(.constdata)
    twooverpi                                0x08006690   Data         152  rred.o(.constdata)
    .constdata                               0x08006728   Section       40  sin_i.o(.constdata)
    S                                        0x08006728   Data          40  sin_i.o(.constdata)
    .data                                    0x20000000   Section       20  system_stm32f4xx.o(.data)
    .data                                    0x20000014   Section       16  stm32f4xx_rcc.o(.data)
    APBAHBPrescTable                         0x20000014   Data          16  stm32f4xx_rcc.o(.data)
    .data                                    0x20000024   Section        4  delay.o(.data)
    fac_us                                   0x20000024   Data           1  delay.o(.data)
    fac_ms                                   0x20000026   Data           2  delay.o(.data)
    .data                                    0x20000028   Section        6  usart.o(.data)
    .data                                    0x20000030   Section       46  hmc5883l.o(.data)
    .data                                    0x20000060   Section      148  imu.o(.data)
    .data                                    0x200000f4   Section       32  mpu6050.o(.data)
    .data                                    0x20000114   Section        2  ioi2c.o(.data)
    .data                                    0x20000118   Section        4  errno.o(.data)
    _errno                                   0x20000118   Data           4  errno.o(.data)
    .bss                                     0x2000011c   Section      200  usart.o(.bss)
    .bss                                     0x200001e4   Section       66  hmc5883l.o(.bss)
    .bss                                     0x20000228   Section      100  imu.o(.bss)
    lastacc                                  0x20000270   Data          12  imu.o(.bss)
    q                                        0x2000027c   Data          16  imu.o(.bss)
    .bss                                     0x2000028c   Section      146  mpu6050.o(.bss)
    STACK                                    0x20000320   Section     1024  startup_stm32f40_41xxx.o(STACK)

    Global Symbols

    Symbol Name                              Value     Ov Type        Size  Object(Section)

    BuildAttributes$$THM_ISAv4$E$P$D$K$B$S$7EM$VFPi3$EXTD16$VFPS$VFMA$PE$A:L22UL41UL21$X:L11$S22US41US21$IEEE1$IW$USESV6$~STKCKD$USESV7$~SHL$OTIME$ROPI$IEEEX$EBA8$MICROLIB$REQ8$PRES8$EABIv2 0x00000000   Number         0  anon$$obj.o ABSOLUTE
    __ARM_use_no_argv                        0x00000000   Number         0  main.o ABSOLUTE
    __use_no_errno                           0x00000000   Number         0  useno.o ABSOLUTE
    __use_no_exception_handling              0x00000000   Number         0  useno.o ABSOLUTE
    __use_no_fp                              0x00000000   Number         0  useno.o ABSOLUTE
    __use_no_heap                            0x00000000   Number         0  useno.o ABSOLUTE
    __use_no_heap_region                     0x00000000   Number         0  useno.o ABSOLUTE
    __use_no_semihosting                     0x00000000   Number         0  useno.o ABSOLUTE
    __use_no_semihosting_swi                 0x00000000   Number         0  useno.o ABSOLUTE
    __use_no_signal_handling                 0x00000000   Number         0  useno.o ABSOLUTE
    _printf_a                                0x00000000   Number         0  stubs.o ABSOLUTE
    _printf_c                                0x00000000   Number         0  stubs.o ABSOLUTE
    _printf_charcount                        0x00000000   Number         0  stubs.o ABSOLUTE
    _printf_d                                0x00000000   Number         0  stubs.o ABSOLUTE
    _printf_e                                0x00000000   Number         0  stubs.o ABSOLUTE
    _printf_f                                0x00000000   Number         0  stubs.o ABSOLUTE
    _printf_flags                            0x00000000   Number         0  stubs.o ABSOLUTE
    _printf_fp_dec                           0x00000000   Number         0  stubs.o ABSOLUTE
    _printf_fp_hex                           0x00000000   Number         0  stubs.o ABSOLUTE
    _printf_g                                0x00000000   Number         0  stubs.o ABSOLUTE
    _printf_i                                0x00000000   Number         0  stubs.o ABSOLUTE
    _printf_int_dec                          0x00000000   Number         0  stubs.o ABSOLUTE
    _printf_l                                0x00000000   Number         0  stubs.o ABSOLUTE
    _printf_lc                               0x00000000   Number         0  stubs.o ABSOLUTE
    _printf_ll                               0x00000000   Number         0  stubs.o ABSOLUTE
    _printf_lld                              0x00000000   Number         0  stubs.o ABSOLUTE
    _printf_lli                              0x00000000   Number         0  stubs.o ABSOLUTE
    _printf_llo                              0x00000000   Number         0  stubs.o ABSOLUTE
    _printf_llu                              0x00000000   Number         0  stubs.o ABSOLUTE
    _printf_llx                              0x00000000   Number         0  stubs.o ABSOLUTE
    _printf_longlong_dec                     0x00000000   Number         0  stubs.o ABSOLUTE
    _printf_longlong_hex                     0x00000000   Number         0  stubs.o ABSOLUTE
    _printf_longlong_oct                     0x00000000   Number         0  stubs.o ABSOLUTE
    _printf_ls                               0x00000000   Number         0  stubs.o ABSOLUTE
    _printf_mbtowc                           0x00000000   Number         0  stubs.o ABSOLUTE
    _printf_n                                0x00000000   Number         0  stubs.o ABSOLUTE
    _printf_o                                0x00000000   Number         0  stubs.o ABSOLUTE
    _printf_p                                0x00000000   Number         0  stubs.o ABSOLUTE
    _printf_percent                          0x00000000   Number         0  stubs.o ABSOLUTE
    _printf_pre_padding                      0x00000000   Number         0  stubs.o ABSOLUTE
    _printf_return_value                     0x00000000   Number         0  stubs.o ABSOLUTE
    _printf_s                                0x00000000   Number         0  stubs.o ABSOLUTE
    _printf_sizespec                         0x00000000   Number         0  stubs.o ABSOLUTE
    _printf_str                              0x00000000   Number         0  stubs.o ABSOLUTE
    _printf_truncate_signed                  0x00000000   Number         0  stubs.o ABSOLUTE
    _printf_truncate_unsigned                0x00000000   Number         0  stubs.o ABSOLUTE
    _printf_u                                0x00000000   Number         0  stubs.o ABSOLUTE
    _printf_wc                               0x00000000   Number         0  stubs.o ABSOLUTE
    _printf_wctomb                           0x00000000   Number         0  stubs.o ABSOLUTE
    _printf_widthprec                        0x00000000   Number         0  stubs.o ABSOLUTE
    _printf_x                                0x00000000   Number         0  stubs.o ABSOLUTE
    __cpp_initialize__aeabi_                  - Undefined Weak Reference
    __cxa_finalize                            - Undefined Weak Reference
    __decompress                              - Undefined Weak Reference
    _clock_init                               - Undefined Weak Reference
    _microlib_exit                            - Undefined Weak Reference
    __Vectors_Size                           0x00000188   Number         0  startup_stm32f40_41xxx.o ABSOLUTE
    __Vectors                                0x08000000   Data           4  startup_stm32f40_41xxx.o(RESET)
    __Vectors_End                            0x08000188   Data           0  startup_stm32f40_41xxx.o(RESET)
    __main                                   0x08000189   Thumb Code     0  entry.o(.ARM.Collect$$$$00000000)
    _main_stk                                0x08000189   Thumb Code     0  entry2.o(.ARM.Collect$$$$00000001)
    _main_scatterload                        0x0800018d   Thumb Code     0  entry5.o(.ARM.Collect$$$$00000004)
    __main_after_scatterload                 0x08000191   Thumb Code     0  entry5.o(.ARM.Collect$$$$00000004)
    _main_clock                              0x08000191   Thumb Code     0  entry7b.o(.ARM.Collect$$$$00000008)
    _main_cpp_init                           0x08000191   Thumb Code     0  entry8b.o(.ARM.Collect$$$$0000000A)
    _main_init                               0x08000191   Thumb Code     0  entry9a.o(.ARM.Collect$$$$0000000B)
    __rt_final_cpp                           0x08000199   Thumb Code     0  entry10a.o(.ARM.Collect$$$$0000000D)
    __rt_final_exit                          0x08000199   Thumb Code     0  entry11a.o(.ARM.Collect$$$$0000000F)
    Initial_System_Timer                     0x0800019d   Thumb Code    66  main.o(.text)
    main                                     0x080001df   Thumb Code   160  main.o(.text)
    NMI_Handler                              0x0800029d   Thumb Code     2  stm32f4xx_it.o(.text)
    HardFault_Handler                        0x0800029f   Thumb Code     4  stm32f4xx_it.o(.text)
    MemManage_Handler                        0x080002a3   Thumb Code     4  stm32f4xx_it.o(.text)
    BusFault_Handler                         0x080002a7   Thumb Code     4  stm32f4xx_it.o(.text)
    UsageFault_Handler                       0x080002ab   Thumb Code     4  stm32f4xx_it.o(.text)
    SVC_Handler                              0x080002af   Thumb Code     2  stm32f4xx_it.o(.text)
    DebugMon_Handler                         0x080002b1   Thumb Code     2  stm32f4xx_it.o(.text)
    PendSV_Handler                           0x080002b3   Thumb Code     2  stm32f4xx_it.o(.text)
    SysTick_Handler                          0x080002b5   Thumb Code     2  stm32f4xx_it.o(.text)
    SystemInit                               0x08000395   Thumb Code    88  system_stm32f4xx.o(.text)
    SystemCoreClockUpdate                    0x080003ed   Thumb Code   174  system_stm32f4xx.o(.text)
    Reset_Handler                            0x080004c9   Thumb Code     8  startup_stm32f40_41xxx.o(.text)
    ADC_IRQHandler                           0x080004e3   Thumb Code     0  startup_stm32f40_41xxx.o(.text)
    CAN1_RX0_IRQHandler                      0x080004e3   Thumb Code     0  startup_stm32f40_41xxx.o(.text)
    CAN1_RX1_IRQHandler                      0x080004e3   Thumb Code     0  startup_stm32f40_41xxx.o(.text)
    CAN1_SCE_IRQHandler                      0x080004e3   Thumb Code     0  startup_stm32f40_41xxx.o(.text)
    CAN1_TX_IRQHandler                       0x080004e3   Thumb Code     0  startup_stm32f40_41xxx.o(.text)
    CAN2_RX0_IRQHandler                      0x080004e3   Thumb Code     0  startup_stm32f40_41xxx.o(.text)
    CAN2_RX1_IRQHandler                      0x080004e3   Thumb Code     0  startup_stm32f40_41xxx.o(.text)
    CAN2_SCE_IRQHandler                      0x080004e3   Thumb Code     0  startup_stm32f40_41xxx.o(.text)
    CAN2_TX_IRQHandler                       0x080004e3   Thumb Code     0  startup_stm32f40_41xxx.o(.text)
    CRYP_IRQHandler                          0x080004e3   Thumb Code     0  startup_stm32f40_41xxx.o(.text)
    DCMI_IRQHandler                          0x080004e3   Thumb Code     0  startup_stm32f40_41xxx.o(.text)
    DMA1_Stream0_IRQHandler                  0x080004e3   Thumb Code     0  startup_stm32f40_41xxx.o(.text)
    DMA1_Stream1_IRQHandler                  0x080004e3   Thumb Code     0  startup_stm32f40_41xxx.o(.text)
    DMA1_Stream2_IRQHandler                  0x080004e3   Thumb Code     0  startup_stm32f40_41xxx.o(.text)
    DMA1_Stream3_IRQHandler                  0x080004e3   Thumb Code     0  startup_stm32f40_41xxx.o(.text)
    DMA1_Stream4_IRQHandler                  0x080004e3   Thumb Code     0  startup_stm32f40_41xxx.o(.text)
    DMA1_Stream5_IRQHandler                  0x080004e3   Thumb Code     0  startup_stm32f40_41xxx.o(.text)
    DMA1_Stream6_IRQHandler                  0x080004e3   Thumb Code     0  startup_stm32f40_41xxx.o(.text)
    DMA1_Stream7_IRQHandler                  0x080004e3   Thumb Code     0  startup_stm32f40_41xxx.o(.text)
    DMA2_Stream0_IRQHandler                  0x080004e3   Thumb Code     0  startup_stm32f40_41xxx.o(.text)
    DMA2_Stream1_IRQHandler                  0x080004e3   Thumb Code     0  startup_stm32f40_41xxx.o(.text)
    DMA2_Stream2_IRQHandler                  0x080004e3   Thumb Code     0  startup_stm32f40_41xxx.o(.text)
    DMA2_Stream3_IRQHandler                  0x080004e3   Thumb Code     0  startup_stm32f40_41xxx.o(.text)
    DMA2_Stream4_IRQHandler                  0x080004e3   Thumb Code     0  startup_stm32f40_41xxx.o(.text)
    DMA2_Stream5_IRQHandler                  0x080004e3   Thumb Code     0  startup_stm32f40_41xxx.o(.text)
    DMA2_Stream6_IRQHandler                  0x080004e3   Thumb Code     0  startup_stm32f40_41xxx.o(.text)
    DMA2_Stream7_IRQHandler                  0x080004e3   Thumb Code     0  startup_stm32f40_41xxx.o(.text)
    ETH_IRQHandler                           0x080004e3   Thumb Code     0  startup_stm32f40_41xxx.o(.text)
    ETH_WKUP_IRQHandler                      0x080004e3   Thumb Code     0  startup_stm32f40_41xxx.o(.text)
    EXTI0_IRQHandler                         0x080004e3   Thumb Code     0  startup_stm32f40_41xxx.o(.text)
    EXTI15_10_IRQHandler                     0x080004e3   Thumb Code     0  startup_stm32f40_41xxx.o(.text)
    EXTI1_IRQHandler                         0x080004e3   Thumb Code     0  startup_stm32f40_41xxx.o(.text)
    EXTI2_IRQHandler                         0x080004e3   Thumb Code     0  startup_stm32f40_41xxx.o(.text)
    EXTI3_IRQHandler                         0x080004e3   Thumb Code     0  startup_stm32f40_41xxx.o(.text)
    EXTI4_IRQHandler                         0x080004e3   Thumb Code     0  startup_stm32f40_41xxx.o(.text)
    EXTI9_5_IRQHandler                       0x080004e3   Thumb Code     0  startup_stm32f40_41xxx.o(.text)
    FLASH_IRQHandler                         0x080004e3   Thumb Code     0  startup_stm32f40_41xxx.o(.text)
    FPU_IRQHandler                           0x080004e3   Thumb Code     0  startup_stm32f40_41xxx.o(.text)
    FSMC_IRQHandler                          0x080004e3   Thumb Code     0  startup_stm32f40_41xxx.o(.text)
    HASH_RNG_IRQHandler                      0x080004e3   Thumb Code     0  startup_stm32f40_41xxx.o(.text)
    I2C1_ER_IRQHandler                       0x080004e3   Thumb Code     0  startup_stm32f40_41xxx.o(.text)
    I2C1_EV_IRQHandler                       0x080004e3   Thumb Code     0  startup_stm32f40_41xxx.o(.text)
    I2C2_ER_IRQHandler                       0x080004e3   Thumb Code     0  startup_stm32f40_41xxx.o(.text)
    I2C2_EV_IRQHandler                       0x080004e3   Thumb Code     0  startup_stm32f40_41xxx.o(.text)
    I2C3_ER_IRQHandler                       0x080004e3   Thumb Code     0  startup_stm32f40_41xxx.o(.text)
    I2C3_EV_IRQHandler                       0x080004e3   Thumb Code     0  startup_stm32f40_41xxx.o(.text)
    OTG_FS_IRQHandler                        0x080004e3   Thumb Code     0  startup_stm32f40_41xxx.o(.text)
    OTG_FS_WKUP_IRQHandler                   0x080004e3   Thumb Code     0  startup_stm32f40_41xxx.o(.text)
    OTG_HS_EP1_IN_IRQHandler                 0x080004e3   Thumb Code     0  startup_stm32f40_41xxx.o(.text)
    OTG_HS_EP1_OUT_IRQHandler                0x080004e3   Thumb Code     0  startup_stm32f40_41xxx.o(.text)
    OTG_HS_IRQHandler                        0x080004e3   Thumb Code     0  startup_stm32f40_41xxx.o(.text)
    OTG_HS_WKUP_IRQHandler                   0x080004e3   Thumb Code     0  startup_stm32f40_41xxx.o(.text)
    PVD_IRQHandler                           0x080004e3   Thumb Code     0  startup_stm32f40_41xxx.o(.text)
    RCC_IRQHandler                           0x080004e3   Thumb Code     0  startup_stm32f40_41xxx.o(.text)
    RTC_Alarm_IRQHandler                     0x080004e3   Thumb Code     0  startup_stm32f40_41xxx.o(.text)
    RTC_WKUP_IRQHandler                      0x080004e3   Thumb Code     0  startup_stm32f40_41xxx.o(.text)
    SDIO_IRQHandler                          0x080004e3   Thumb Code     0  startup_stm32f40_41xxx.o(.text)
    SPI1_IRQHandler                          0x080004e3   Thumb Code     0  startup_stm32f40_41xxx.o(.text)
    SPI2_IRQHandler                          0x080004e3   Thumb Code     0  startup_stm32f40_41xxx.o(.text)
    SPI3_IRQHandler                          0x080004e3   Thumb Code     0  startup_stm32f40_41xxx.o(.text)
    TAMP_STAMP_IRQHandler                    0x080004e3   Thumb Code     0  startup_stm32f40_41xxx.o(.text)
    TIM1_BRK_TIM9_IRQHandler                 0x080004e3   Thumb Code     0  startup_stm32f40_41xxx.o(.text)
    TIM1_CC_IRQHandler                       0x080004e3   Thumb Code     0  startup_stm32f40_41xxx.o(.text)
    TIM1_TRG_COM_TIM11_IRQHandler            0x080004e3   Thumb Code     0  startup_stm32f40_41xxx.o(.text)
    TIM1_UP_TIM10_IRQHandler                 0x080004e3   Thumb Code     0  startup_stm32f40_41xxx.o(.text)
    TIM2_IRQHandler                          0x080004e3   Thumb Code     0  startup_stm32f40_41xxx.o(.text)
    TIM3_IRQHandler                          0x080004e3   Thumb Code     0  startup_stm32f40_41xxx.o(.text)
    TIM4_IRQHandler                          0x080004e3   Thumb Code     0  startup_stm32f40_41xxx.o(.text)
    TIM5_IRQHandler                          0x080004e3   Thumb Code     0  startup_stm32f40_41xxx.o(.text)
    TIM6_DAC_IRQHandler                      0x080004e3   Thumb Code     0  startup_stm32f40_41xxx.o(.text)
    TIM7_IRQHandler                          0x080004e3   Thumb Code     0  startup_stm32f40_41xxx.o(.text)
    TIM8_BRK_TIM12_IRQHandler                0x080004e3   Thumb Code     0  startup_stm32f40_41xxx.o(.text)
    TIM8_CC_IRQHandler                       0x080004e3   Thumb Code     0  startup_stm32f40_41xxx.o(.text)
    TIM8_TRG_COM_TIM14_IRQHandler            0x080004e3   Thumb Code     0  startup_stm32f40_41xxx.o(.text)
    TIM8_UP_TIM13_IRQHandler                 0x080004e3   Thumb Code     0  startup_stm32f40_41xxx.o(.text)
    UART4_IRQHandler                         0x080004e3   Thumb Code     0  startup_stm32f40_41xxx.o(.text)
    UART5_IRQHandler                         0x080004e3   Thumb Code     0  startup_stm32f40_41xxx.o(.text)
    USART2_IRQHandler                        0x080004e3   Thumb Code     0  startup_stm32f40_41xxx.o(.text)
    USART3_IRQHandler                        0x080004e3   Thumb Code     0  startup_stm32f40_41xxx.o(.text)
    USART6_IRQHandler                        0x080004e3   Thumb Code     0  startup_stm32f40_41xxx.o(.text)
    WWDG_IRQHandler                          0x080004e3   Thumb Code     0  startup_stm32f40_41xxx.o(.text)
    NVIC_PriorityGroupConfig                 0x080004ed   Thumb Code    10  misc.o(.text)
    NVIC_Init                                0x080004f7   Thumb Code   106  misc.o(.text)
    NVIC_SetVectorTable                      0x08000561   Thumb Code    14  misc.o(.text)
    NVIC_SystemLPConfig                      0x0800056f   Thumb Code    34  misc.o(.text)
    SysTick_CLKSourceConfig                  0x08000591   Thumb Code    40  misc.o(.text)
    GPIO_DeInit                              0x080005cd   Thumb Code   268  stm32f4xx_gpio.o(.text)
    GPIO_Init                                0x080006d9   Thumb Code   144  stm32f4xx_gpio.o(.text)
    GPIO_StructInit                          0x08000769   Thumb Code    18  stm32f4xx_gpio.o(.text)
    GPIO_PinLockConfig                       0x0800077b   Thumb Code    34  stm32f4xx_gpio.o(.text)
    GPIO_ReadInputDataBit                    0x0800079d   Thumb Code    18  stm32f4xx_gpio.o(.text)
    GPIO_ReadInputData                       0x080007af   Thumb Code     8  stm32f4xx_gpio.o(.text)
    GPIO_ReadOutputDataBit                   0x080007b7   Thumb Code    18  stm32f4xx_gpio.o(.text)
    GPIO_ReadOutputData                      0x080007c9   Thumb Code     8  stm32f4xx_gpio.o(.text)
    GPIO_SetBits                             0x080007d1   Thumb Code     4  stm32f4xx_gpio.o(.text)
    GPIO_ResetBits                           0x080007d5   Thumb Code     4  stm32f4xx_gpio.o(.text)
    GPIO_WriteBit                            0x080007d9   Thumb Code    10  stm32f4xx_gpio.o(.text)
    GPIO_Write                               0x080007e3   Thumb Code     4  stm32f4xx_gpio.o(.text)
    GPIO_ToggleBits                          0x080007e7   Thumb Code     8  stm32f4xx_gpio.o(.text)
    GPIO_PinAFConfig                         0x080007ef   Thumb Code    70  stm32f4xx_gpio.o(.text)
    RCC_DeInit                               0x08000861   Thumb Code    82  stm32f4xx_rcc.o(.text)
    RCC_HSEConfig                            0x080008b3   Thumb Code    14  stm32f4xx_rcc.o(.text)
    RCC_GetFlagStatus                        0x080008c1   Thumb Code    60  stm32f4xx_rcc.o(.text)
    RCC_WaitForHSEStartUp                    0x080008fd   Thumb Code    56  stm32f4xx_rcc.o(.text)
    RCC_AdjustHSICalibrationValue            0x08000935   Thumb Code    20  stm32f4xx_rcc.o(.text)
    RCC_HSICmd                               0x08000949   Thumb Code     6  stm32f4xx_rcc.o(.text)
    RCC_LSEConfig                            0x0800094f   Thumb Code    46  stm32f4xx_rcc.o(.text)
    RCC_LSICmd                               0x0800097d   Thumb Code     6  stm32f4xx_rcc.o(.text)
    RCC_PLLConfig                            0x08000983   Thumb Code    32  stm32f4xx_rcc.o(.text)
    RCC_PLLCmd                               0x080009a3   Thumb Code     6  stm32f4xx_rcc.o(.text)
    RCC_PLLI2SConfig                         0x080009a9   Thumb Code    14  stm32f4xx_rcc.o(.text)
    RCC_PLLI2SCmd                            0x080009b7   Thumb Code     6  stm32f4xx_rcc.o(.text)
    RCC_PLLSAIConfig                         0x080009bd   Thumb Code    20  stm32f4xx_rcc.o(.text)
    RCC_PLLSAICmd                            0x080009d1   Thumb Code     6  stm32f4xx_rcc.o(.text)
    RCC_ClockSecuritySystemCmd               0x080009d7   Thumb Code     6  stm32f4xx_rcc.o(.text)
    RCC_MCO1Config                           0x080009dd   Thumb Code    28  stm32f4xx_rcc.o(.text)
    RCC_MCO2Config                           0x080009f9   Thumb Code    28  stm32f4xx_rcc.o(.text)
    RCC_SYSCLKConfig                         0x08000a15   Thumb Code    20  stm32f4xx_rcc.o(.text)
    RCC_GetSYSCLKSource                      0x08000a29   Thumb Code    12  stm32f4xx_rcc.o(.text)
    RCC_HCLKConfig                           0x08000a35   Thumb Code    20  stm32f4xx_rcc.o(.text)
    RCC_PCLK1Config                          0x08000a49   Thumb Code    20  stm32f4xx_rcc.o(.text)
    RCC_PCLK2Config                          0x08000a5d   Thumb Code    22  stm32f4xx_rcc.o(.text)
    RCC_GetClocksFreq                        0x08000a73   Thumb Code   222  stm32f4xx_rcc.o(.text)
    RCC_RTCCLKConfig                         0x08000b51   Thumb Code    54  stm32f4xx_rcc.o(.text)
    RCC_RTCCLKCmd                            0x08000b87   Thumb Code     8  stm32f4xx_rcc.o(.text)
    RCC_BackupResetCmd                       0x08000b8f   Thumb Code     8  stm32f4xx_rcc.o(.text)
    RCC_I2SCLKConfig                         0x08000b97   Thumb Code     6  stm32f4xx_rcc.o(.text)
    RCC_SAIPLLI2SClkDivConfig                0x08000b9d   Thumb Code    26  stm32f4xx_rcc.o(.text)
    RCC_SAIPLLSAIClkDivConfig                0x08000bb7   Thumb Code    28  stm32f4xx_rcc.o(.text)
    RCC_SAIBlockACLKConfig                   0x08000bd3   Thumb Code    20  stm32f4xx_rcc.o(.text)
    RCC_SAIBlockBCLKConfig                   0x08000be7   Thumb Code    20  stm32f4xx_rcc.o(.text)
    RCC_LTDCCLKDivConfig                     0x08000bfb   Thumb Code    20  stm32f4xx_rcc.o(.text)
    RCC_TIMCLKPresConfig                     0x08000c0f   Thumb Code     6  stm32f4xx_rcc.o(.text)
    RCC_AHB1PeriphClockCmd                   0x08000c15   Thumb Code    34  stm32f4xx_rcc.o(.text)
    RCC_AHB2PeriphClockCmd                   0x08000c37   Thumb Code    78  stm32f4xx_rcc.o(.text)
    RCC_AHB3PeriphClockCmd                   0x08000c85   Thumb Code    34  stm32f4xx_rcc.o(.text)
    RCC_APB1PeriphClockCmd                   0x08000ca7   Thumb Code    34  stm32f4xx_rcc.o(.text)
    RCC_APB2PeriphClockCmd                   0x08000cc9   Thumb Code    34  stm32f4xx_rcc.o(.text)
    RCC_AHB1PeriphResetCmd                   0x08000ceb   Thumb Code    34  stm32f4xx_rcc.o(.text)
    RCC_AHB2PeriphResetCmd                   0x08000d0d   Thumb Code    34  stm32f4xx_rcc.o(.text)
    RCC_AHB3PeriphResetCmd                   0x08000d2f   Thumb Code    34  stm32f4xx_rcc.o(.text)
    RCC_APB1PeriphResetCmd                   0x08000d51   Thumb Code    34  stm32f4xx_rcc.o(.text)
    RCC_APB2PeriphResetCmd                   0x08000d73   Thumb Code    34  stm32f4xx_rcc.o(.text)
    RCC_AHB1PeriphClockLPModeCmd             0x08000d95   Thumb Code    34  stm32f4xx_rcc.o(.text)
    RCC_AHB2PeriphClockLPModeCmd             0x08000db7   Thumb Code    34  stm32f4xx_rcc.o(.text)
    RCC_AHB3PeriphClockLPModeCmd             0x08000dd9   Thumb Code    34  stm32f4xx_rcc.o(.text)
    RCC_APB1PeriphClockLPModeCmd             0x08000dfb   Thumb Code    34  stm32f4xx_rcc.o(.text)
    RCC_APB2PeriphClockLPModeCmd             0x08000e1d   Thumb Code    34  stm32f4xx_rcc.o(.text)
    RCC_LSEModeConfig                        0x08000e3f   Thumb Code    40  stm32f4xx_rcc.o(.text)
    RCC_ITConfig                             0x08000e67   Thumb Code    34  stm32f4xx_rcc.o(.text)
    RCC_ClearFlag                            0x08000e89   Thumb Code    18  stm32f4xx_rcc.o(.text)
    RCC_GetITStatus                          0x08000e9b   Thumb Code    22  stm32f4xx_rcc.o(.text)
    RCC_ClearITPendingBit                    0x08000eb1   Thumb Code     8  stm32f4xx_rcc.o(.text)
    USART_DeInit                             0x08000ebd   Thumb Code   206  stm32f4xx_usart.o(.text)
    USART_Init                               0x08000f8b   Thumb Code   204  stm32f4xx_usart.o(.text)
    USART_StructInit                         0x08001057   Thumb Code    24  stm32f4xx_usart.o(.text)
    USART_ClockInit                          0x0800106f   Thumb Code    32  stm32f4xx_usart.o(.text)
    USART_ClockStructInit                    0x0800108f   Thumb Code    12  stm32f4xx_usart.o(.text)
    USART_Cmd                                0x0800109b   Thumb Code    24  stm32f4xx_usart.o(.text)
    USART_SetPrescaler                       0x080010b3   Thumb Code    16  stm32f4xx_usart.o(.text)
    USART_OverSampling8Cmd                   0x080010c3   Thumb Code    22  stm32f4xx_usart.o(.text)
    USART_OneBitMethodCmd                    0x080010d9   Thumb Code    24  stm32f4xx_usart.o(.text)
    USART_SendData                           0x080010f1   Thumb Code     8  stm32f4xx_usart.o(.text)
    USART_ReceiveData                        0x080010f9   Thumb Code    10  stm32f4xx_usart.o(.text)
    USART_SetAddress                         0x08001103   Thumb Code    18  stm32f4xx_usart.o(.text)
    USART_ReceiverWakeUpCmd                  0x08001115   Thumb Code    24  stm32f4xx_usart.o(.text)
    USART_WakeUpConfig                       0x0800112d   Thumb Code    18  stm32f4xx_usart.o(.text)
    USART_LINBreakDetectLengthConfig         0x0800113f   Thumb Code    18  stm32f4xx_usart.o(.text)
    USART_LINCmd                             0x08001151   Thumb Code    24  stm32f4xx_usart.o(.text)
    USART_SendBreak                          0x08001169   Thumb Code    10  stm32f4xx_usart.o(.text)
    USART_HalfDuplexCmd                      0x08001173   Thumb Code    24  stm32f4xx_usart.o(.text)
    USART_SetGuardTime                       0x0800118b   Thumb Code    16  stm32f4xx_usart.o(.text)
    USART_SmartCardCmd                       0x0800119b   Thumb Code    24  stm32f4xx_usart.o(.text)
    USART_SmartCardNACKCmd                   0x080011b3   Thumb Code    24  stm32f4xx_usart.o(.text)
    USART_IrDAConfig                         0x080011cb   Thumb Code    18  stm32f4xx_usart.o(.text)
    USART_IrDACmd                            0x080011dd   Thumb Code    24  stm32f4xx_usart.o(.text)
    USART_DMACmd                             0x080011f5   Thumb Code    18  stm32f4xx_usart.o(.text)
    USART_ITConfig                           0x08001207   Thumb Code    74  stm32f4xx_usart.o(.text)
    USART_GetFlagStatus                      0x08001251   Thumb Code    26  stm32f4xx_usart.o(.text)
    USART_ClearFlag                          0x0800126b   Thumb Code    18  stm32f4xx_usart.o(.text)
    USART_GetITStatus                        0x0800127d   Thumb Code   118  stm32f4xx_usart.o(.text)
    USART_ClearITPendingBit                  0x080012f3   Thumb Code    30  stm32f4xx_usart.o(.text)
    delay_init                               0x08001311   Thumb Code    52  delay.o(.text)
    delay_us                                 0x08001345   Thumb Code    72  delay.o(.text)
    delay_xms                                0x0800138d   Thumb Code    72  delay.o(.text)
    delay_ms                                 0x080013d5   Thumb Code    56  delay.o(.text)
    _sys_exit                                0x08001415   Thumb Code     6  usart.o(.text)
    fputc                                    0x0800141b   Thumb Code    22  usart.o(.text)
    uart_init                                0x08001431   Thumb Code   172  usart.o(.text)
    USART1_IRQHandler                        0x080014dd   Thumb Code   122  usart.o(.text)
    HMC5883_IS_newdata                       0x08001569   Thumb Code    22  hmc5883l.o(.text)
    HMC58X3_newValues                        0x0800157f   Thumb Code   334  hmc5883l.o(.text)
    HMC58X3_getRaw                           0x080016cd   Thumb Code   118  hmc5883l.o(.text)
    HMC58X3_FIFO_init                        0x08001743   Thumb Code    32  hmc5883l.o(.text)
    HMC58X3_writeReg                         0x08001763   Thumb Code    18  hmc5883l.o(.text)
    HMC58X3_getlastValues                    0x08001775   Thumb Code    22  hmc5883l.o(.text)
    HMC58X3_mgetValues                       0x0800178b   Thumb Code   136  hmc5883l.o(.text)
    HMC58X3_setGain                          0x08001813   Thumb Code    24  hmc5883l.o(.text)
    HMC58X3_setMode                          0x0800182b   Thumb Code    28  hmc5883l.o(.text)
    HMC58X3_init                             0x08001847   Thumb Code    84  hmc5883l.o(.text)
    HMC58X3_setDOR                           0x0800189b   Thumb Code    24  hmc5883l.o(.text)
    HMC58X3_getID                            0x080018b3   Thumb Code    36  hmc5883l.o(.text)
    HMC5883L_SetUp                           0x080018d7   Thumb Code    26  hmc5883l.o(.text)
    HMC5883L_Start_Calib                     0x080018f1   Thumb Code    34  hmc5883l.o(.text)
    invSqrt                                  0x08001961   Thumb Code    80  imu.o(.text)
    IMU_init                                 0x080019b1   Thumb Code   182  imu.o(.text)
    IMU_getValues                            0x08001a67   Thumb Code   182  imu.o(.text)
    IMU_AHRSupdate                           0x08001b1d   Thumb Code  2062  imu.o(.text)
    FreeIMU_AHRSupdate                       0x0800232b   Thumb Code  1520  imu.o(.text)
    IMU_getQ                                 0x0800291b   Thumb Code   362  imu.o(.text)
    safe_asin                                0x08002a85   Thumb Code   122  imu.o(.text)
    IMU_getYawPitchRoll                      0x08002aff   Thumb Code   492  imu.o(.text)
    Initialize_Q                             0x08002ceb   Thumb Code  2696  imu.o(.text)
    Math_Constrain                           0x08003779   Thumb Code    16  fmath.o(.text)
    Math_fConstrain                          0x08003789   Thumb Code    32  fmath.o(.text)
    Math_abs                                 0x080037a9   Thumb Code    18  fmath.o(.text)
    Math_min                                 0x080037bb   Thumb Code    14  fmath.o(.text)
    Math_max                                 0x080037c9   Thumb Code    14  fmath.o(.text)
    Get_Yaw_Error                            0x080037d7   Thumb Code    78  fmath.o(.text)
    MPU6050_getAvg                           0x0800382d   Thumb Code    30  mpu6050.o(.text)
    MPU6050_newValues                        0x0800384b   Thumb Code   384  mpu6050.o(.text)
    MPU6050_setClockSource                   0x080039cb   Thumb Code    20  mpu6050.o(.text)
    MPU6050_setFullScaleGyroRange            0x080039df   Thumb Code    20  mpu6050.o(.text)
    MPU6050_setFullScaleAccelRange           0x080039f3   Thumb Code    20  mpu6050.o(.text)
    MPU6050_setSleepEnabled                  0x08003a07   Thumb Code    18  mpu6050.o(.text)
    MPU6050_getDeviceID                      0x08003a19   Thumb Code    20  mpu6050.o(.text)
    MPU6050_testConnection                   0x08003a2d   Thumb Code    18  mpu6050.o(.text)
    MPU6050_setI2CMasterModeEnabled          0x08003a3f   Thumb Code    18  mpu6050.o(.text)
    MPU6050_setI2CBypassEnabled              0x08003a51   Thumb Code    18  mpu6050.o(.text)
    MPU6050_is_DRY                           0x08003a63   Thumb Code    22  mpu6050.o(.text)
    MPU6050_getMotion6                       0x08003a79   Thumb Code   340  mpu6050.o(.text)
    MPU6050_initialize                       0x08003bcd   Thumb Code   268  mpu6050.o(.text)
    MPU6050_getlastMotion6                   0x08003cd9   Thumb Code    76  mpu6050.o(.text)
    MPU6050_InitGyro_Offset                  0x08003d25   Thumb Code   190  mpu6050.o(.text)
    IIC_Init                                 0x08003df5   Thumb Code    46  ioi2c.o(.text)
    IIC_Start                                0x08003e23   Thumb Code    64  ioi2c.o(.text)
    IIC_Stop                                 0x08003e63   Thumb Code    66  ioi2c.o(.text)
    IIC_Wait_Ack                             0x08003ea5   Thumb Code   100  ioi2c.o(.text)
    IIC_Ack                                  0x08003f09   Thumb Code    68  ioi2c.o(.text)
    IIC_NAck                                 0x08003f4d   Thumb Code    66  ioi2c.o(.text)
    IIC_Send_Byte                            0x08003f8f   Thumb Code    90  ioi2c.o(.text)
    IIC_Read_Byte                            0x08003fe9   Thumb Code    96  ioi2c.o(.text)
    I2C_ReadOneByte                          0x08004049   Thumb Code    70  ioi2c.o(.text)
    IICreadBytes                             0x0800408f   Thumb Code   100  ioi2c.o(.text)
    IICwriteBytes                            0x080040f3   Thumb Code    70  ioi2c.o(.text)
    IICreadByte                              0x08004139   Thumb Code    22  ioi2c.o(.text)
    IICwriteByte                             0x0800414f   Thumb Code    20  ioi2c.o(.text)
    IICwriteBits                             0x08004163   Thumb Code   106  ioi2c.o(.text)
    IICwriteBit                              0x080041cd   Thumb Code    80  ioi2c.o(.text)
    __aeabi_dadd                             0x0800421d   Thumb Code   322  dadd.o(.text)
    __aeabi_dsub                             0x0800435f   Thumb Code     6  dadd.o(.text)
    __aeabi_drsub                            0x08004365   Thumb Code     6  dadd.o(.text)
    __aeabi_dmul                             0x0800436b   Thumb Code   228  dmul.o(.text)
    __aeabi_ddiv                             0x0800444f   Thumb Code   222  ddiv.o(.text)
    __aeabi_f2d                              0x0800452d   Thumb Code    38  f2d.o(.text)
    __aeabi_d2f                              0x08004553   Thumb Code    56  d2f.o(.text)
    __aeabi_uidiv                            0x0800458b   Thumb Code     0  uidiv.o(.text)
    __aeabi_uidivmod                         0x0800458b   Thumb Code    44  uidiv.o(.text)
    __aeabi_uldivmod                         0x080045b7   Thumb Code    98  uldiv.o(.text)
    __aeabi_llsl                             0x08004619   Thumb Code    30  llshl.o(.text)
    _ll_shift_l                              0x08004619   Thumb Code     0  llshl.o(.text)
    __aeabi_lasr                             0x08004637   Thumb Code    36  llsshr.o(.text)
    _ll_sshift_r                             0x08004637   Thumb Code     0  llsshr.o(.text)
    __I$use$fp                               0x0800465b   Thumb Code     0  iusefp.o(.text)
    _float_round                             0x0800465b   Thumb Code    18  fepilogue.o(.text)
    _float_epilogue                          0x0800466d   Thumb Code    92  fepilogue.o(.text)
    _double_round                            0x080046c9   Thumb Code    26  depilogue.o(.text)
    _double_epilogue                         0x080046e3   Thumb Code   156  depilogue.o(.text)
    _dsqrt                                   0x0800477f   Thumb Code   162  dsqrt.o(.text)
    __aeabi_d2ulz                            0x08004821   Thumb Code    48  dfixul.o(.text)
    __aeabi_cdrcmple                         0x08004851   Thumb Code    38  cdrcmple.o(.text)
    __scatterload                            0x08004879   Thumb Code    28  init.o(.text)
    __scatterload_rt2                        0x08004879   Thumb Code     0  init.o(.text)
    __aeabi_llsr                             0x0800489d   Thumb Code    32  llushr.o(.text)
    _ll_ushift_r                             0x0800489d   Thumb Code     0  llushr.o(.text)
    __aeabi_i2d                              0x080048bd   Thumb Code    34  dflti.o(.text)
    __aeabi_ui2d                             0x080048df   Thumb Code    26  dfltui.o(.text)
    __aeabi_d2iz                             0x080048f9   Thumb Code    62  dfixi.o(.text)
    __0printf                                0x08004939   Thumb Code    22  printfa.o(i.__0printf)
    __1printf                                0x08004939   Thumb Code     0  printfa.o(i.__0printf)
    __2printf                                0x08004939   Thumb Code     0  printfa.o(i.__0printf)
    __c89printf                              0x08004939   Thumb Code     0  printfa.o(i.__0printf)
    printf                                   0x08004939   Thumb Code     0  printfa.o(i.__0printf)
    __ARM_fpclassify                         0x08004959   Thumb Code    48  fpclassify.o(i.__ARM_fpclassify)
    __hardfp_asin                            0x08004989   Thumb Code   770  asin.o(i.__hardfp_asin)
    __hardfp_atan                            0x08004cf9   Thumb Code   632  atan.o(i.__hardfp_atan)
    __hardfp_atan2                           0x08004fd9   Thumb Code   426  atan2.o(i.__hardfp_atan2)
    __hardfp_cos                             0x080051c9   Thumb Code   200  cos.o(i.__hardfp_cos)
    __hardfp_sin                             0x080052a1   Thumb Code   200  sin.o(i.__hardfp_sin)
    __hardfp_sqrt                            0x08005379   Thumb Code   122  sqrt.o(i.__hardfp_sqrt)
    __ieee754_rem_pio2                       0x080053f9   Thumb Code   938  rred.o(i.__ieee754_rem_pio2)
    __kernel_cos                             0x08005831   Thumb Code   322  cos_i.o(i.__kernel_cos)
    __kernel_poly                            0x080059a1   Thumb Code   248  poly.o(i.__kernel_poly)
    __kernel_sin                             0x08005a99   Thumb Code   280  sin_i.o(i.__kernel_sin)
    __mathlib_dbl_underflow                  0x08005bc9   Thumb Code    24  dunder.o(i.__mathlib_dbl_underflow)
    __scatterload_copy                       0x08005be9   Thumb Code    14  handlers.o(i.__scatterload_copy)
    __scatterload_null                       0x08005bf7   Thumb Code     2  handlers.o(i.__scatterload_null)
    __scatterload_zeroinit                   0x08005bf9   Thumb Code    14  handlers.o(i.__scatterload_zeroinit)
    __set_errno                              0x08005c09   Thumb Code     6  errno.o(i.__set_errno)
    atan                                     0x080064a7   Thumb Code    16  atan.o(i.atan)
    fabs                                     0x080064b7   Thumb Code    24  fabs.o(i.fabs)
    sqrt                                     0x080064cf   Thumb Code   110  sqrt.o(i.sqrt)
    __mathlib_zero                           0x08006658   Data           8  qnan.o(.constdata)
    Region$$Table$$Base                      0x08006750   Number         0  anon$$obj.o(Region$$Table)
    Region$$Table$$Limit                     0x08006770   Number         0  anon$$obj.o(Region$$Table)
    SystemCoreClock                          0x20000000   Data           4  system_stm32f4xx.o(.data)
    AHBPrescTable                            0x20000004   Data          16  system_stm32f4xx.o(.data)
    __stdout                                 0x20000028   Data           4  usart.o(.data)
    USART_RX_STA                             0x2000002c   Data           2  usart.o(.data)
    HMC5883_lastx                            0x20000030   Data           4  hmc5883l.o(.data)
    HMC5883_lasty                            0x20000034   Data           4  hmc5883l.o(.data)
    HMC5883_lastz                            0x20000038   Data           4  hmc5883l.o(.data)
    HMC5883_Offset_X                         0x2000003c   Data           2  hmc5883l.o(.data)
    HMC5883_Offset_Y                         0x2000003e   Data           2  hmc5883l.o(.data)
    HMC5883_Offset_Z                         0x20000040   Data           2  hmc5883l.o(.data)
    HMC5883_Scale_X                          0x20000044   Data           4  hmc5883l.o(.data)
    HMC5883_Scale_Y                          0x20000048   Data           4  hmc5883l.o(.data)
    HMC5883_Scale_Z                          0x2000004c   Data           4  hmc5883l.o(.data)
    HMC5883_maxx                             0x20000050   Data           2  hmc5883l.o(.data)
    HMC5883_maxy                             0x20000052   Data           2  hmc5883l.o(.data)
    HMC5883_maxz                             0x20000054   Data           2  hmc5883l.o(.data)
    HMC5883_minx                             0x20000056   Data           2  hmc5883l.o(.data)
    HMC5883_miny                             0x20000058   Data           2  hmc5883l.o(.data)
    HMC5883_minz                             0x2000005a   Data           2  hmc5883l.o(.data)
    HMC5883_calib                            0x2000005c   Data           1  hmc5883l.o(.data)
    HMC5883_Buf_index                        0x2000005d   Data           1  hmc5883l.o(.data)
    exInt                                    0x20000060   Data           4  imu.o(.data)
    eyInt                                    0x20000064   Data           4  imu.o(.data)
    ezInt                                    0x20000068   Data           4  imu.o(.data)
    integralFBx                              0x2000006c   Data           4  imu.o(.data)
    integralFBy                              0x20000070   Data           4  imu.o(.data)
    integralFBz                              0x20000074   Data           4  imu.o(.data)
    q0                                       0x20000078   Data           4  imu.o(.data)
    q1                                       0x2000007c   Data           4  imu.o(.data)
    q2                                       0x20000080   Data           4  imu.o(.data)
    q3                                       0x20000084   Data           4  imu.o(.data)
    qa0                                      0x20000088   Data           4  imu.o(.data)
    qa1                                      0x2000008c   Data           4  imu.o(.data)
    qa2                                      0x20000090   Data           4  imu.o(.data)
    qa3                                      0x20000094   Data           4  imu.o(.data)
    integralFBhand                           0x20000098   Data           4  imu.o(.data)
    handdiff                                 0x2000009c   Data           4  imu.o(.data)
    halftime                                 0x200000a0   Data           8  imu.o(.data)
    lastUpdate                               0x200000a8   Data           4  imu.o(.data)
    now                                      0x200000ac   Data           4  imu.o(.data)
    sysytem_time_ms                          0x200000b0   Data           2  imu.o(.data)
    IMU_Pitch                                0x200000b4   Data           4  imu.o(.data)
    IMU_Roll                                 0x200000b8   Data           4  imu.o(.data)
    IMU_Yaw                                  0x200000bc   Data           4  imu.o(.data)
    ACC_Pitch                                0x200000c0   Data           4  imu.o(.data)
    ACC_Roll                                 0x200000c4   Data           4  imu.o(.data)
    IMU_GYROx                                0x200000c8   Data           4  imu.o(.data)
    IMU_GYROy                                0x200000cc   Data           4  imu.o(.data)
    IMU_GYROz                                0x200000d0   Data           4  imu.o(.data)
    IMU_inited                               0x200000d4   Data           1  imu.o(.data)
    imu_clce                                 0x200000d6   Data           2  imu.o(.data)
    acc_vector                               0x200000d8   Data           4  imu.o(.data)
    acc_X                                    0x200000dc   Data           4  imu.o(.data)
    acc_Y                                    0x200000e0   Data           4  imu.o(.data)
    acc_Z                                    0x200000e4   Data           4  imu.o(.data)
    acc_MX                                   0x200000e8   Data           4  imu.o(.data)
    acc_MY                                   0x200000ec   Data           4  imu.o(.data)
    acc_MZ                                   0x200000f0   Data           4  imu.o(.data)
    Buf_index                                0x200000f4   Data           1  mpu6050.o(.data)
    Gx_offset                                0x200000f6   Data           2  mpu6050.o(.data)
    Gy_offset                                0x200000f8   Data           2  mpu6050.o(.data)
    Gz_offset                                0x200000fa   Data           2  mpu6050.o(.data)
    Gyro_ADC                                 0x200000fc   Data           6  mpu6050.o(.data)
    ACC_ADC                                  0x20000102   Data           6  mpu6050.o(.data)
    MPU6050_Lastax                           0x20000108   Data           2  mpu6050.o(.data)
    MPU6050_Lastay                           0x2000010a   Data           2  mpu6050.o(.data)
    MPU6050_Lastaz                           0x2000010c   Data           2  mpu6050.o(.data)
    MPU6050_Lastgx                           0x2000010e   Data           2  mpu6050.o(.data)
    MPU6050_Lastgy                           0x20000110   Data           2  mpu6050.o(.data)
    MPU6050_Lastgz                           0x20000112   Data           2  mpu6050.o(.data)
    I2C_Erorr_Count                          0x20000114   Data           2  ioi2c.o(.data)
    USART_RX_BUF                             0x2000011c   Data         200  usart.o(.bss)
    HMC5883_FIFO                             0x200001e4   Data          66  hmc5883l.o(.bss)
    mygetqval                                0x20000228   Data          36  imu.o(.bss)
    acc                                      0x2000024c   Data          36  imu.o(.bss)
    buffer                                   0x2000028c   Data          14  mpu6050.o(.bss)
    MPU6050_FIFO                             0x2000029a   Data         132  mpu6050.o(.bss)
    __initial_sp                             0x20000720   Data           0  startup_stm32f40_41xxx.o(STACK)



==============================================================================

Memory Map of the image

  Image Entry point : 0x08000189

  Load Region LR_IROM1 (Base: 0x08000000, Size: 0x0000688c, Max: 0x00100000, ABSOLUTE)

    Execution Region ER_IROM1 (Base: 0x08000000, Size: 0x00006770, Max: 0x00100000, ABSOLUTE)

    Base Addr    Size         Type   Attr      Idx    E Section Name        Object

    0x08000000   0x00000188   Data   RO          234    RESET               startup_stm32f40_41xxx.o
    0x08000188   0x00000000   Code   RO          896  * .ARM.Collect$$$$00000000  mc_w.l(entry.o)
    0x08000188   0x00000004   Code   RO         1199    .ARM.Collect$$$$00000001  mc_w.l(entry2.o)
    0x0800018c   0x00000004   Code   RO         1202    .ARM.Collect$$$$00000004  mc_w.l(entry5.o)
    0x08000190   0x00000000   Code   RO         1204    .ARM.Collect$$$$00000008  mc_w.l(entry7b.o)
    0x08000190   0x00000000   Code   RO         1206    .ARM.Collect$$$$0000000A  mc_w.l(entry8b.o)
    0x08000190   0x00000008   Code   RO         1207    .ARM.Collect$$$$0000000B  mc_w.l(entry9a.o)
    0x08000198   0x00000000   Code   RO         1209    .ARM.Collect$$$$0000000D  mc_w.l(entry10a.o)
    0x08000198   0x00000000   Code   RO         1211    .ARM.Collect$$$$0000000F  mc_w.l(entry11a.o)
    0x08000198   0x00000004   Code   RO         1200    .ARM.Collect$$$$00002712  mc_w.l(entry2.o)
    0x0800019c   0x00000100   Code   RO            3    .text               main.o
    0x0800029c   0x0000001a   Code   RO          159    .text               stm32f4xx_it.o
    0x080002b6   0x00000002   PAD
    0x080002b8   0x00000210   Code   RO          208    .text               system_stm32f4xx.o
    0x080004c8   0x00000024   Code   RO          235    .text               startup_stm32f40_41xxx.o
    0x080004ec   0x000000e0   Code   RO          241    .text               misc.o
    0x080005cc   0x00000294   Code   RO          410    .text               stm32f4xx_gpio.o
    0x08000860   0x0000065c   Code   RO          450    .text               stm32f4xx_rcc.o
    0x08000ebc   0x00000454   Code   RO          572    .text               stm32f4xx_usart.o
    0x08001310   0x00000104   Code   RO          592    .text               delay.o
    0x08001414   0x00000154   Code   RO          632    .text               usart.o
    0x08001568   0x000003f8   Code   RO          663    .text               hmc5883l.o
    0x08001960   0x00001e18   Code   RO          690    .text               imu.o
    0x08003778   0x000000b4   Code   RO          724    .text               fmath.o
    0x0800382c   0x000005c8   Code   RO          747    .text               mpu6050.o
    0x08003df4   0x00000428   Code   RO          775    .text               ioi2c.o
    0x0800421c   0x0000014e   Code   RO         1160    .text               mf_w.l(dadd.o)
    0x0800436a   0x000000e4   Code   RO         1162    .text               mf_w.l(dmul.o)
    0x0800444e   0x000000de   Code   RO         1164    .text               mf_w.l(ddiv.o)
    0x0800452c   0x00000026   Code   RO         1168    .text               mf_w.l(f2d.o)
    0x08004552   0x00000038   Code   RO         1170    .text               mf_w.l(d2f.o)
    0x0800458a   0x0000002c   Code   RO         1213    .text               mc_w.l(uidiv.o)
    0x080045b6   0x00000062   Code   RO         1215    .text               mc_w.l(uldiv.o)
    0x08004618   0x0000001e   Code   RO         1217    .text               mc_w.l(llshl.o)
    0x08004636   0x00000024   Code   RO         1219    .text               mc_w.l(llsshr.o)
    0x0800465a   0x00000000   Code   RO         1228    .text               mc_w.l(iusefp.o)
    0x0800465a   0x0000006e   Code   RO         1229    .text               mf_w.l(fepilogue.o)
    0x080046c8   0x000000b6   Code   RO         1231    .text               mf_w.l(depilogue.o)
    0x0800477e   0x000000a2   Code   RO         1233    .text               mf_w.l(dsqrt.o)
    0x08004820   0x00000030   Code   RO         1235    .text               mf_w.l(dfixul.o)
    0x08004850   0x00000028   Code   RO         1239    .text               mf_w.l(cdrcmple.o)
    0x08004878   0x00000024   Code   RO         1241    .text               mc_w.l(init.o)
    0x0800489c   0x00000020   Code   RO         1243    .text               mc_w.l(llushr.o)
    0x080048bc   0x00000022   Code   RO         1245    .text               mf_w.l(dflti.o)
    0x080048de   0x0000001a   Code   RO         1247    .text               mf_w.l(dfltui.o)
    0x080048f8   0x0000003e   Code   RO         1249    .text               mf_w.l(dfixi.o)
    0x08004936   0x00000002   PAD
    0x08004938   0x00000020   Code   RO         1132    i.__0printf         mc_w.l(printfa.o)
    0x08004958   0x00000030   Code   RO         1183    i.__ARM_fpclassify  m_wm.l(fpclassify.o)
    0x08004988   0x00000370   Code   RO          820    i.__hardfp_asin     m_wm.l(asin.o)
    0x08004cf8   0x000002e0   Code   RO          834    i.__hardfp_atan     m_wm.l(atan.o)
    0x08004fd8   0x000001f0   Code   RO          848    i.__hardfp_atan2    m_wm.l(atan2.o)
    0x080051c8   0x000000d8   Code   RO          860    i.__hardfp_cos      m_wm.l(cos.o)
    0x080052a0   0x000000d8   Code   RO          872    i.__hardfp_sin      m_wm.l(sin.o)
    0x08005378   0x0000007a   Code   RO          884    i.__hardfp_sqrt     m_wm.l(sqrt.o)
    0x080053f2   0x00000006   PAD
    0x080053f8   0x00000438   Code   RO         1188    i.__ieee754_rem_pio2  m_wm.l(rred.o)
    0x08005830   0x00000170   Code   RO         1172    i.__kernel_cos      m_wm.l(cos_i.o)
    0x080059a0   0x000000f8   Code   RO         1185    i.__kernel_poly     m_wm.l(poly.o)
    0x08005a98   0x00000130   Code   RO         1193    i.__kernel_sin      m_wm.l(sin_i.o)
    0x08005bc8   0x00000020   Code   RO         1175    i.__mathlib_dbl_underflow  m_wm.l(dunder.o)
    0x08005be8   0x0000000e   Code   RO         1253    i.__scatterload_copy  mc_w.l(handlers.o)
    0x08005bf6   0x00000002   Code   RO         1254    i.__scatterload_null  mc_w.l(handlers.o)
    0x08005bf8   0x0000000e   Code   RO         1255    i.__scatterload_zeroinit  mc_w.l(handlers.o)
    0x08005c06   0x00000002   PAD
    0x08005c08   0x0000000c   Code   RO         1223    i.__set_errno       mc_w.l(errno.o)
    0x08005c14   0x00000164   Code   RO         1139    i._fp_digits        mc_w.l(printfa.o)
    0x08005d78   0x000006dc   Code   RO         1140    i._printf_core      mc_w.l(printfa.o)
    0x08006454   0x00000024   Code   RO         1141    i._printf_post_padding  mc_w.l(printfa.o)
    0x08006478   0x0000002e   Code   RO         1142    i._printf_pre_padding  mc_w.l(printfa.o)
    0x080064a6   0x00000010   Code   RO          836    i.atan              m_wm.l(atan.o)
    0x080064b6   0x00000018   Code   RO         1179    i.fabs              m_wm.l(fabs.o)
    0x080064ce   0x0000006e   Code   RO          886    i.sqrt              m_wm.l(sqrt.o)
    0x0800653c   0x00000004   PAD
    0x08006540   0x00000050   Data   RO          823    .constdata          m_wm.l(asin.o)
    0x08006590   0x00000098   Data   RO          837    .constdata          m_wm.l(atan.o)
    0x08006628   0x00000030   Data   RO         1173    .constdata          m_wm.l(cos_i.o)
    0x08006658   0x00000008   Data   RO         1187    .constdata          m_wm.l(qnan.o)
    0x08006660   0x000000c8   Data   RO         1190    .constdata          m_wm.l(rred.o)
    0x08006728   0x00000028   Data   RO         1194    .constdata          m_wm.l(sin_i.o)
    0x08006750   0x00000020   Data   RO         1251    Region$$Table       anon$$obj.o


    Execution Region RW_IRAM1 (Base: 0x20000000, Size: 0x00000720, Max: 0x00020000, ABSOLUTE)

    Base Addr    Size         Type   Attr      Idx    E Section Name        Object

    0x20000000   0x00000014   Data   RW          209    .data               system_stm32f4xx.o
    0x20000014   0x00000010   Data   RW          451    .data               stm32f4xx_rcc.o
    0x20000024   0x00000004   Data   RW          593    .data               delay.o
    0x20000028   0x00000006   Data   RW          634    .data               usart.o
    0x2000002e   0x00000002   PAD
    0x20000030   0x0000002e   Data   RW          665    .data               hmc5883l.o
    0x2000005e   0x00000002   PAD
    0x20000060   0x00000094   Data   RW          692    .data               imu.o
    0x200000f4   0x00000020   Data   RW          749    .data               mpu6050.o
    0x20000114   0x00000002   Data   RW          776    .data               ioi2c.o
    0x20000116   0x00000002   PAD
    0x20000118   0x00000004   Data   RW         1224    .data               mc_w.l(errno.o)
    0x2000011c   0x000000c8   Zero   RW          633    .bss                usart.o
    0x200001e4   0x00000042   Zero   RW          664    .bss                hmc5883l.o
    0x20000226   0x00000002   PAD
    0x20000228   0x00000064   Zero   RW          691    .bss                imu.o
    0x2000028c   0x00000092   Zero   RW          748    .bss                mpu6050.o
    0x2000031e   0x00000002   PAD
    0x20000320   0x00000400   Zero   RW          232    STACK               startup_stm32f40_41xxx.o


==============================================================================

Image component sizes


      Code (inc. data)   RO Data    RW Data    ZI Data      Debug   Object Name

       260          8          0          4          0       1445   delay.o
       180          8          0          0          0       1998   fmath.o
      1016         78          0         46         66       5062   hmc5883l.o
      7704        392          0        148        100       6674   imu.o
      1064         16          0          2          0       4791   ioi2c.o
       256         30          0          0          0     262520   main.o
       224         20          0          0          0       1829   misc.o
      1480         78          0         32        146       5707   mpu6050.o
        36          8        392          0       1024        836   startup_stm32f40_41xxx.o
       660         44          0          0          0       4105   stm32f4xx_gpio.o
        26          0          0          0          0       1230   stm32f4xx_it.o
      1628         52          0         16          0      12900   stm32f4xx_rcc.o
      1108         34          0          0          0       7808   stm32f4xx_usart.o
       528         46          0         20          0       1791   system_stm32f4xx.o
       340         18          0          6        200       3322   usart.o

    ----------------------------------------------------------------------
     16512        832        424        280       1540     322018   Object Totals
         0          0         32          0          0          0   (incl. Generated)
         2          0          0          6          4          0   (incl. Padding)

    ----------------------------------------------------------------------

      Code (inc. data)   RO Data    RW Data    ZI Data      Debug   Library Member Name

       880        110         80          0          0        200   asin.o
       752        104        152          0          0        344   atan.o
       496         70          0          0          0        156   atan2.o
       216         16          0          0          0        152   cos.o
       368         46         48          0          0        200   cos_i.o
        32          8          0          0          0        124   dunder.o
        24          0          0          0          0        124   fabs.o
        48          0          0          0          0        124   fpclassify.o
       248          0          0          0          0        152   poly.o
         0          0          8          0          0          0   qnan.o
      1080        142        200          0          0        188   rred.o
       216         16          0          0          0        152   sin.o
       304         24         40          0          0        208   sin_i.o
       232          0          0          0          0        296   sqrt.o
         0          0          0          0          0          0   entry.o
         0          0          0          0          0          0   entry10a.o
         0          0          0          0          0          0   entry11a.o
         8          4          0          0          0          0   entry2.o
         4          0          0          0          0          0   entry5.o
         0          0          0          0          0          0   entry7b.o
         0          0          0          0          0          0   entry8b.o
         8          4          0          0          0          0   entry9a.o
        12          6          0          4          0         68   errno.o
        30          0          0          0          0          0   handlers.o
        36          8          0          0          0         68   init.o
         0          0          0          0          0          0   iusefp.o
        30          0          0          0          0         68   llshl.o
        36          0          0          0          0         68   llsshr.o
        32          0          0          0          0         68   llushr.o
      2226         90          0          0          0        444   printfa.o
        44          0          0          0          0         80   uidiv.o
        98          0          0          0          0         92   uldiv.o
        40          2          0          0          0         68   cdrcmple.o
        56          0          0          0          0         88   d2f.o
       334          0          0          0          0        148   dadd.o
       222          0          0          0          0        100   ddiv.o
       182          0          0          0          0        176   depilogue.o
        62          0          0          0          0         80   dfixi.o
        48          0          0          0          0         68   dfixul.o
        34          0          0          0          0         76   dflti.o
        26          0          0          0          0         76   dfltui.o
       228          0          0          0          0         96   dmul.o
       162          0          0          0          0        100   dsqrt.o
        38          0          0          0          0         68   f2d.o
       110          0          0          0          0        168   fepilogue.o

    ----------------------------------------------------------------------
      9016        650        528          4          0       4688   Library Totals
        14          0          0          0          0          0   (incl. Padding)

    ----------------------------------------------------------------------

      Code (inc. data)   RO Data    RW Data    ZI Data      Debug   Library Name

      4896        536        528          0          0       2420   m_wm.l
      2564        112          0          4          0        956   mc_w.l
      1542          2          0          0          0       1312   mf_w.l

    ----------------------------------------------------------------------
      9016        650        528          4          0       4688   Library Totals

    ----------------------------------------------------------------------

==============================================================================


      Code (inc. data)   RO Data    RW Data    ZI Data      Debug   

     25528       1482        952        284       1540     321566   Grand Totals
     25528       1482        952        284       1540     321566   ELF Image Totals
     25528       1482        952        284          0          0   ROM Totals

==============================================================================

    Total RO  Size (Code + RO Data)                26480 (  25.86kB)
    Total RW  Size (RW Data + ZI Data)              1824 (   1.78kB)
    Total ROM Size (Code + RO Data + RW Data)      26764 (  26.14kB)

==============================================================================

